Archive member included to satisfy reference by file (symbol)

d:/clion/tools/gcc-arm-none-eabi-10.3-2021.10-win32/gcc-arm-none-eabi-10.3-2021.10/bin/../lib/gcc/arm-none-eabi/10.3.1/thumb/v7e-m/nofp\libgcc.a(_arm_muldf3.o)
                              CMakeFiles/v1.elf.dir/PCA8685/pca9685_sim.c.obj (__aeabi_dmul)
d:/clion/tools/gcc-arm-none-eabi-10.3-2021.10-win32/gcc-arm-none-eabi-10.3-2021.10/bin/../lib/gcc/arm-none-eabi/10.3.1/thumb/v7e-m/nofp\libgcc.a(_arm_addsubdf3.o)
                              CMakeFiles/v1.elf.dir/PCA8685/pca9685_sim.c.obj (__aeabi_dadd)
d:/clion/tools/gcc-arm-none-eabi-10.3-2021.10-win32/gcc-arm-none-eabi-10.3-2021.10/bin/../lib/gcc/arm-none-eabi/10.3.1/thumb/v7e-m/nofp\libgcc.a(_arm_muldivdf3.o)
                              CMakeFiles/v1.elf.dir/PCA8685/pca9685_sim.c.obj (__aeabi_ddiv)
d:/clion/tools/gcc-arm-none-eabi-10.3-2021.10-win32/gcc-arm-none-eabi-10.3-2021.10/bin/../lib/gcc/arm-none-eabi/10.3.1/thumb/v7e-m/nofp\libgcc.a(_arm_fixunsdfsi.o)
                              CMakeFiles/v1.elf.dir/PCA8685/pca9685_sim.c.obj (__aeabi_d2uiz)
d:/clion/tools/gcc-arm-none-eabi-10.3-2021.10-win32/gcc-arm-none-eabi-10.3-2021.10/bin/../lib/gcc/arm-none-eabi/10.3.1/thumb/v7e-m/nofp\libgcc.a(_aeabi_uldivmod.o)
                              CMakeFiles/v1.elf.dir/Drivers/STM32F4xx_HAL_Driver/Src/stm32f4xx_hal_rcc.c.obj (__aeabi_uldivmod)
d:/clion/tools/gcc-arm-none-eabi-10.3-2021.10-win32/gcc-arm-none-eabi-10.3-2021.10/bin/../lib/gcc/arm-none-eabi/10.3.1/thumb/v7e-m/nofp\libgcc.a(_udivmoddi4.o)
                              d:/clion/tools/gcc-arm-none-eabi-10.3-2021.10-win32/gcc-arm-none-eabi-10.3-2021.10/bin/../lib/gcc/arm-none-eabi/10.3.1/thumb/v7e-m/nofp\libgcc.a(_aeabi_uldivmod.o) (__udivmoddi4)
d:/clion/tools/gcc-arm-none-eabi-10.3-2021.10-win32/gcc-arm-none-eabi-10.3-2021.10/bin/../lib/gcc/arm-none-eabi/10.3.1/thumb/v7e-m/nofp\libgcc.a(_dvmd_tls.o)
                              d:/clion/tools/gcc-arm-none-eabi-10.3-2021.10-win32/gcc-arm-none-eabi-10.3-2021.10/bin/../lib/gcc/arm-none-eabi/10.3.1/thumb/v7e-m/nofp\libgcc.a(_aeabi_uldivmod.o) (__aeabi_ldiv0)
d:/clion/tools/gcc-arm-none-eabi-10.3-2021.10-win32/gcc-arm-none-eabi-10.3-2021.10/bin/../lib/gcc/arm-none-eabi/10.3.1/../../../../arm-none-eabi/lib/thumb/v7e-m/nofp\libg.a(lib_a-errno.o)
                              CMakeFiles/v1.elf.dir/Src/syscalls.c.obj (__errno)
d:/clion/tools/gcc-arm-none-eabi-10.3-2021.10-win32/gcc-arm-none-eabi-10.3-2021.10/bin/../lib/gcc/arm-none-eabi/10.3.1/../../../../arm-none-eabi/lib/thumb/v7e-m/nofp\libg.a(lib_a-exit.o)
                              d:/clion/tools/gcc-arm-none-eabi-10.3-2021.10-win32/gcc-arm-none-eabi-10.3-2021.10/bin/../lib/gcc/arm-none-eabi/10.3.1/../../../../arm-none-eabi/lib/thumb/v7e-m/nofp/crt0.o (exit)
d:/clion/tools/gcc-arm-none-eabi-10.3-2021.10-win32/gcc-arm-none-eabi-10.3-2021.10/bin/../lib/gcc/arm-none-eabi/10.3.1/../../../../arm-none-eabi/lib/thumb/v7e-m/nofp\libg.a(lib_a-impure.o)
                              d:/clion/tools/gcc-arm-none-eabi-10.3-2021.10-win32/gcc-arm-none-eabi-10.3-2021.10/bin/../lib/gcc/arm-none-eabi/10.3.1/../../../../arm-none-eabi/lib/thumb/v7e-m/nofp\libg.a(lib_a-exit.o) (_global_impure_ptr)
d:/clion/tools/gcc-arm-none-eabi-10.3-2021.10-win32/gcc-arm-none-eabi-10.3-2021.10/bin/../lib/gcc/arm-none-eabi/10.3.1/../../../../arm-none-eabi/lib/thumb/v7e-m/nofp\libg.a(lib_a-init.o)
                              d:/clion/tools/gcc-arm-none-eabi-10.3-2021.10-win32/gcc-arm-none-eabi-10.3-2021.10/bin/../lib/gcc/arm-none-eabi/10.3.1/../../../../arm-none-eabi/lib/thumb/v7e-m/nofp/crt0.o (__libc_init_array)
d:/clion/tools/gcc-arm-none-eabi-10.3-2021.10-win32/gcc-arm-none-eabi-10.3-2021.10/bin/../lib/gcc/arm-none-eabi/10.3.1/../../../../arm-none-eabi/lib/thumb/v7e-m/nofp\libg.a(lib_a-memset.o)
                              d:/clion/tools/gcc-arm-none-eabi-10.3-2021.10-win32/gcc-arm-none-eabi-10.3-2021.10/bin/../lib/gcc/arm-none-eabi/10.3.1/../../../../arm-none-eabi/lib/thumb/v7e-m/nofp/crt0.o (memset)
d:/clion/tools/gcc-arm-none-eabi-10.3-2021.10-win32/gcc-arm-none-eabi-10.3-2021.10/bin/../lib/gcc/arm-none-eabi/10.3.1/../../../../arm-none-eabi/lib/thumb/v7e-m/nofp\libg.a(lib_a-__call_atexit.o)
                              d:/clion/tools/gcc-arm-none-eabi-10.3-2021.10-win32/gcc-arm-none-eabi-10.3-2021.10/bin/../lib/gcc/arm-none-eabi/10.3.1/../../../../arm-none-eabi/lib/thumb/v7e-m/nofp\libg.a(lib_a-exit.o) (__call_exitprocs)
d:/clion/tools/gcc-arm-none-eabi-10.3-2021.10-win32/gcc-arm-none-eabi-10.3-2021.10/bin/../lib/gcc/arm-none-eabi/10.3.1/../../../../arm-none-eabi/lib/thumb/v7e-m/nofp\libg.a(lib_a-atexit.o)
                              d:/clion/tools/gcc-arm-none-eabi-10.3-2021.10-win32/gcc-arm-none-eabi-10.3-2021.10/bin/../lib/gcc/arm-none-eabi/10.3.1/../../../../arm-none-eabi/lib/thumb/v7e-m/nofp\libg.a(lib_a-__call_atexit.o) (atexit)
[...]
Memory Configuration

Name             Origin             Length             Attributes
RAM              0x20000000         0x00020000         xrw
FLASH            0x08000000         0x00080000         xr
*default*        0x00000000         0xffffffff

Linker script and memory map

LOAD d:/clion/tools/gcc-arm-none-eabi-10.3-2021.10-win32/gcc-arm-none-eabi-10.3-2021.10/bin/../lib/gcc/arm-none-eabi/10.3.1/thumb/v7e-m/nofp/crti.o
LOAD d:/clion/tools/gcc-arm-none-eabi-10.3-2021.10-win32/gcc-arm-none-eabi-10.3-2021.10/bin/../lib/gcc/arm-none-eabi/10.3.1/thumb/v7e-m/nofp/crtbegin.o
LOAD d:/clion/tools/gcc-arm-none-eabi-10.3-2021.10-win32/gcc-arm-none-eabi-10.3-2021.10/bin/../lib/gcc/arm-none-eabi/10.3.1/../../../../arm-none-eabi/lib/thumb/v7e-m/nofp/crt0.o
LOAD CMakeFiles/v1.elf.dir/Drivers/STM32F4xx_HAL_Driver/Src/stm32f4xx_hal.c.obj
LOAD CMakeFiles/v1.elf.dir/Drivers/STM32F4xx_HAL_Driver/Src/stm32f4xx_hal_cortex.c.obj
LOAD CMakeFiles/v1.elf.dir/Drivers/STM32F4xx_HAL_Driver/Src/stm32f4xx_hal_dma.c.obj
LOAD CMakeFiles/v1.elf.dir/Drivers/STM32F4xx_HAL_Driver/Src/stm32f4xx_hal_dma_ex.c.obj
LOAD CMakeFiles/v1.elf.dir/Drivers/STM32F4xx_HAL_Driver/Src/stm32f4xx_hal_exti.c.obj
LOAD CMakeFiles/v1.elf.dir/Drivers/STM32F4xx_HAL_Driver/Src/stm32f4xx_hal_flash.c.obj
LOAD CMakeFiles/v1.elf.dir/Drivers/STM32F4xx_HAL_Driver/Src/stm32f4xx_hal_flash_ex.c.obj
LOAD CMakeFiles/v1.elf.dir/Drivers/STM32F4xx_HAL_Driver/Src/stm32f4xx_hal_flash_ramfunc.c.obj
LOAD CMakeFiles/v1.elf.dir/Drivers/STM32F4xx_HAL_Driver/Src/stm32f4xx_hal_gpio.c.obj
LOAD CMakeFiles/v1.elf.dir/Drivers/STM32F4xx_HAL_Driver/Src/stm32f4xx_hal_pwr.c.obj
LOAD CMakeFiles/v1.elf.dir/Drivers/STM32F4xx_HAL_Driver/Src/stm32f4xx_hal_pwr_ex.c.obj
LOAD CMakeFiles/v1.elf.dir/Drivers/STM32F4xx_HAL_Driver/Src/stm32f4xx_hal_rcc.c.obj
LOAD CMakeFiles/v1.elf.dir/Drivers/STM32F4xx_HAL_Driver/Src/stm32f4xx_hal_rcc_ex.c.obj
LOAD CMakeFiles/v1.elf.dir/Drivers/STM32F4xx_HAL_Driver/Src/stm32f4xx_hal_spi.c.obj
LOAD CMakeFiles/v1.elf.dir/Drivers/STM32F4xx_HAL_Driver/Src/stm32f4xx_hal_tim.c.obj
LOAD CMakeFiles/v1.elf.dir/Drivers/STM32F4xx_HAL_Driver/Src/stm32f4xx_hal_tim_ex.c.obj
LOAD CMakeFiles/v1.elf.dir/Drivers/STM32F4xx_HAL_Driver/Src/stm32f4xx_hal_uart.c.obj
LOAD CMakeFiles/v1.elf.dir/OLED_SPI_HD/oled_spi_hd.c.obj
LOAD CMakeFiles/v1.elf.dir/PCA8685/pca9685_sim.c.obj
LOAD CMakeFiles/v1.elf.dir/Src/dma.c.obj
LOAD CMakeFiles/v1.elf.dir/Src/gpio.c.obj
LOAD CMakeFiles/v1.elf.dir/Src/main.c.obj
LOAD CMakeFiles/v1.elf.dir/Src/spi.c.obj
LOAD CMakeFiles/v1.elf.dir/Src/stm32f4xx_hal_msp.c.obj
LOAD CMakeFiles/v1.elf.dir/Src/stm32f4xx_it.c.obj
LOAD CMakeFiles/v1.elf.dir/Src/syscalls.c.obj
LOAD CMakeFiles/v1.elf.dir/Src/sysmem.c.obj
LOAD CMakeFiles/v1.elf.dir/Src/system_stm32f4xx.c.obj
LOAD CMakeFiles/v1.elf.dir/Src/tim.c.obj
LOAD CMakeFiles/v1.elf.dir/Src/usart.c.obj
LOAD CMakeFiles/v1.elf.dir/Startup/startup_stm32f411ceux.s.obj
LOAD CMakeFiles/v1.elf.dir/iic_sim/bsp_iic.c.obj
START GROUP
LOAD d:/clion/tools/gcc-arm-none-eabi-10.3-2021.10-win32/gcc-arm-none-eabi-10.3-2021.10/bin/../lib/gcc/arm-none-eabi/10.3.1/thumb/v7e-m/nofp\libgcc.a
LOAD d:/clion/tools/gcc-arm-none-eabi-10.3-2021.10-win32/gcc-arm-none-eabi-10.3-2021.10/bin/../lib/gcc/arm-none-eabi/10.3.1/../../../../arm-none-eabi/lib/thumb/v7e-m/nofp\libg.a
LOAD d:/clion/tools/gcc-arm-none-eabi-10.3-2021.10-win32/gcc-arm-none-eabi-10.3-2021.10/bin/../lib/gcc/arm-none-eabi/10.3.1/../../../../arm-none-eabi/lib/thumb/v7e-m/nofp\libc.a
END GROUP
LOAD d:/clion/tools/gcc-arm-none-eabi-10.3-2021.10-win32/gcc-arm-none-eabi-10.3-2021.10/bin/../lib/gcc/arm-none-eabi/10.3.1/thumb/v7e-m/nofp/crtend.o
LOAD d:/clion/tools/gcc-arm-none-eabi-10.3-2021.10-win32/gcc-arm-none-eabi-10.3-2021.10/bin/../lib/gcc/arm-none-eabi/10.3.1/thumb/v7e-m/nofp/crtn.o
                0x20020000                _estack = (ORIGIN (RAM) + LENGTH (RAM))
                0x00000200                _Min_Heap_Size = 0x200
                0x00000400                _Min_Stack_Size = 0x400

.isr_vector     0x08000000      0x198
                0x08000000                . = ALIGN (0x4)
 *(.isr_vector)
 .isr_vector    0x08000000      0x198 CMakeFiles/v1.elf.dir/Startup/startup_stm32f411ceux.s.obj
                0x08000000                g_pfnVectors
                0x08000198                . = ALIGN (0x4)

.text           0x08000198     0x3728
                0x08000198                . = ALIGN (0x4)
 *(.text)
 .text          0x08000198       0x40 d:/clion/tools/gcc-arm-none-eabi-10.3-2021.10-win32/gcc-arm-none-eabi-10.3-2021.10/bin/../lib/gcc/arm-none-eabi/10.3.1/thumb/v7e-m/nofp/crtbegin.o
 .text          0x080001d8      0x378 d:/clion/tools/gcc-arm-none-eabi-10.3-2021.10-win32/gcc-arm-none-eabi-10.3-2021.10/bin/../lib/gcc/arm-none-eabi/10.3.1/thumb/v7e-m/nofp\libgcc.a(_arm_addsubdf3.o)
                0x080001d8                __aeabi_drsub
                0x080001e0                __aeabi_dsub
                0x080001e0                __subdf3
                0x080001e4                __aeabi_dadd
                0x080001e4                __adddf3
                0x0800045c                __floatunsidf
                0x0800045c                __aeabi_ui2d
                0x0800047c                __floatsidf
                0x0800047c                __aeabi_i2d
                0x080004a0                __aeabi_f2d
                0x080004a0                __extendsfdf2
                0x080004e4                __floatundidf
                0x080004e4                __aeabi_ul2d
                0x080004f4                __floatdidf
                0x080004f4                __aeabi_l2d
 .text          0x08000550      0x424 d:/clion/tools/gcc-arm-none-eabi-10.3-2021.10-win32/gcc-arm-none-eabi-10.3-2021.10/bin/../lib/gcc/arm-none-eabi/10.3.1/thumb/v7e-m/nofp\libgcc.a(_arm_muldivdf3.o)
                0x08000550                __aeabi_dmul
                0x08000550                __muldf3
                0x080007a4                __divdf3
                0x080007a4                __aeabi_ddiv
 .text          0x08000974       0x40 d:/clion/tools/gcc-arm-none-eabi-10.3-2021.10-win32/gcc-arm-none-eabi-10.3-2021.10/bin/../lib/gcc/arm-none-eabi/10.3.1/thumb/v7e-m/nofp\libgcc.a(_arm_fixunsdfsi.o)
                0x08000974                __aeabi_d2uiz
                0x08000974                __fixunsdfsi
 .text          0x080009b4       0x30 d:/clion/tools/gcc-arm-none-eabi-10.3-2021.10-win32/gcc-arm-none-eabi-10.3-2021.10/bin/../lib/gcc/arm-none-eabi/10.3.1/thumb/v7e-m/nofp\libgcc.a(_aeabi_uldivmod.o)
                0x080009b4                __aeabi_uldivmod
 .text          0x080009e4      0x2d0 d:/clion/tools/gcc-arm-none-eabi-10.3-2021.10-win32/gcc-arm-none-eabi-10.3-2021.10/bin/../lib/gcc/arm-none-eabi/10.3.1/thumb/v7e-m/nofp\libgcc.a(_udivmoddi4.o)
                0x080009e4                __udivmoddi4
 .text          0x08000cb4        0x4 d:/clion/tools/gcc-arm-none-eabi-10.3-2021.10-win32/gcc-arm-none-eabi-10.3-2021.10/bin/../lib/gcc/arm-none-eabi/10.3.1/thumb/v7e-m/nofp\libgcc.a(_dvmd_tls.o)
                0x08000cb4                __aeabi_idiv0
                0x08000cb4                __aeabi_ldiv0
 .text          0x08000cb8      0x110 d:/clion/tools/gcc-arm-none-eabi-10.3-2021.10-win32/gcc-arm-none-eabi-10.3-2021.10/bin/../lib/gcc/arm-none-eabi/10.3.1/thumb/v7e-m/nofp\libgcc.a(_arm_cmpdf2.o)
                0x08000cb8                __gtdf2
                0x08000cb8                __gedf2
                0x08000cc0                __ltdf2
                0x08000cc0                __ledf2
                0x08000cc8                __nedf2
                0x08000cc8                __eqdf2
                0x08000cc8                __cmpdf2
                0x08000d44                __aeabi_cdrcmple
                0x08000d54                __aeabi_cdcmpeq
                0x08000d54                __aeabi_cdcmple
                0x08000d64                __aeabi_dcmpeq
                0x08000d78                __aeabi_dcmplt
                0x08000d8c                __aeabi_dcmple
                0x08000da0                __aeabi_dcmpge
                0x08000db4                __aeabi_dcmpgt
 *(.text*)
 .text.HAL_InitTick
                0x08000dc8       0x4c CMakeFiles/v1.elf.dir/Drivers/STM32F4xx_HAL_Driver/Src/stm32f4xx_hal.c.obj
                0x08000dc8                HAL_InitTick
 .text.HAL_Init
                0x08000e14       0x34 CMakeFiles/v1.elf.dir/Drivers/STM32F4xx_HAL_Driver/Src/stm32f4xx_hal.c.obj
                0x08000e14                HAL_Init
 .text.HAL_IncTick
                0x08000e48       0x18 CMakeFiles/v1.elf.dir/Drivers/STM32F4xx_HAL_Driver/Src/stm32f4xx_hal.c.obj
                0x08000e48                HAL_IncTick
 .text.HAL_GetTick
                0x08000e60        0xc CMakeFiles/v1.elf.dir/Drivers/STM32F4xx_HAL_Driver/Src/stm32f4xx_hal.c.obj
                0x08000e60                HAL_GetTick
 .text.HAL_Delay
                0x08000e6c       0x28 CMakeFiles/v1.elf.dir/Drivers/STM32F4xx_HAL_Driver/Src/stm32f4xx_hal.c.obj
                0x08000e6c                HAL_Delay
 .text.HAL_NVIC_SetPriorityGrouping
                0x08000e94       0x24 CMakeFiles/v1.elf.dir/Drivers/STM32F4xx_HAL_Driver/Src/stm32f4xx_hal_cortex.c.obj
                0x08000e94                HAL_NVIC_SetPriorityGrouping
 .text.HAL_NVIC_SetPriority
                0x08000eb8       0x70 CMakeFiles/v1.elf.dir/Drivers/STM32F4xx_HAL_Driver/Src/stm32f4xx_hal_cortex.c.obj
                0x08000eb8                HAL_NVIC_SetPriority
 .text.HAL_NVIC_EnableIRQ
                0x08000f28       0x1c CMakeFiles/v1.elf.dir/Drivers/STM32F4xx_HAL_Driver/Src/stm32f4xx_hal_cortex.c.obj
                0x08000f28                HAL_NVIC_EnableIRQ
 .text.HAL_SYSTICK_Config
                0x08000f44       0x28 CMakeFiles/v1.elf.dir/Drivers/STM32F4xx_HAL_Driver/Src/stm32f4xx_hal_cortex.c.obj
                0x08000f44                HAL_SYSTICK_Config
 .text.DMA_SetConfig
                0x08000f6c       0x2c CMakeFiles/v1.elf.dir/Drivers/STM32F4xx_HAL_Driver/Src/stm32f4xx_hal_dma.c.obj
 .text.DMA_CalcBaseAndBitshift
                0x08000f98       0x40 CMakeFiles/v1.elf.dir/Drivers/STM32F4xx_HAL_Driver/Src/stm32f4xx_hal_dma.c.obj
 .text.DMA_CheckFifoParam
                0x08000fd8       0x8e CMakeFiles/v1.elf.dir/Drivers/STM32F4xx_HAL_Driver/Src/stm32f4xx_hal_dma.c.obj
 *fill*         0x08001066        0x2 
 .text.HAL_DMA_Init
                0x08001068       0xcc CMakeFiles/v1.elf.dir/Drivers/STM32F4xx_HAL_Driver/Src/stm32f4xx_hal_dma.c.obj
                0x08001068                HAL_DMA_Init
 .text.HAL_DMA_Start_IT
                0x08001134       0x6a CMakeFiles/v1.elf.dir/Drivers/STM32F4xx_HAL_Driver/Src/stm32f4xx_hal_dma.c.obj
                0x08001134                HAL_DMA_Start_IT
 .text.HAL_DMA_Abort
                0x0800119e       0x94 CMakeFiles/v1.elf.dir/Drivers/STM32F4xx_HAL_Driver/Src/stm32f4xx_hal_dma.c.obj
                0x0800119e                HAL_DMA_Abort
 .text.HAL_DMA_Abort_IT
                0x08001232       0x26 CMakeFiles/v1.elf.dir/Drivers/STM32F4xx_HAL_Driver/Src/stm32f4xx_hal_dma.c.obj
                0x08001232                HAL_DMA_Abort_IT
 .text.HAL_DMA_IRQHandler
                0x08001258      0x1dc CMakeFiles/v1.elf.dir/Drivers/STM32F4xx_HAL_Driver/Src/stm32f4xx_hal_dma.c.obj
                0x08001258                HAL_DMA_IRQHandler
 .text.HAL_GPIO_Init
                0x08001434      0x1c0 CMakeFiles/v1.elf.dir/Drivers/STM32F4xx_HAL_Driver/Src/stm32f4xx_hal_gpio.c.obj
                0x08001434                HAL_GPIO_Init
 .text.HAL_GPIO_ReadPin
                0x080015f4        0xe CMakeFiles/v1.elf.dir/Drivers/STM32F4xx_HAL_Driver/Src/stm32f4xx_hal_gpio.c.obj
                0x080015f4                HAL_GPIO_ReadPin
 .text.HAL_GPIO_WritePin
                0x08001602        0xc CMakeFiles/v1.elf.dir/Drivers/STM32F4xx_HAL_Driver/Src/stm32f4xx_hal_gpio.c.obj
                0x08001602                HAL_GPIO_WritePin
 .text.HAL_GPIO_TogglePin
                0x0800160e       0x12 CMakeFiles/v1.elf.dir/Drivers/STM32F4xx_HAL_Driver/Src/stm32f4xx_hal_gpio.c.obj
                0x0800160e                HAL_GPIO_TogglePin
 .text.HAL_RCC_OscConfig
                0x08001620      0x3f8 CMakeFiles/v1.elf.dir/Drivers/STM32F4xx_HAL_Driver/Src/stm32f4xx_hal_rcc.c.obj
                0x08001620                HAL_RCC_OscConfig
 .text.HAL_RCC_GetSysClockFreq
                0x08001a18       0xa4 CMakeFiles/v1.elf.dir/Drivers/STM32F4xx_HAL_Driver/Src/stm32f4xx_hal_rcc.c.obj
                0x08001a18                HAL_RCC_GetSysClockFreq
 .text.HAL_RCC_ClockConfig
                0x08001abc      0x160 CMakeFiles/v1.elf.dir/Drivers/STM32F4xx_HAL_Driver/Src/stm32f4xx_hal_rcc.c.obj
                0x08001abc                HAL_RCC_ClockConfig
 .text.HAL_RCC_GetHCLKFreq
                0x08001c1c        0xc CMakeFiles/v1.elf.dir/Drivers/STM32F4xx_HAL_Driver/Src/stm32f4xx_hal_rcc.c.obj
                0x08001c1c                HAL_RCC_GetHCLKFreq
 .text.HAL_RCC_GetPCLK1Freq
                0x08001c28       0x20 CMakeFiles/v1.elf.dir/Drivers/STM32F4xx_HAL_Driver/Src/stm32f4xx_hal_rcc.c.obj
                0x08001c28                HAL_RCC_GetPCLK1Freq
 .text.HAL_RCC_GetPCLK2Freq
                0x08001c48       0x20 CMakeFiles/v1.elf.dir/Drivers/STM32F4xx_HAL_Driver/Src/stm32f4xx_hal_rcc.c.obj
                0x08001c48                HAL_RCC_GetPCLK2Freq
 .text.SPI_WaitFlagStateUntilTimeout
                0x08001c68       0xd4 CMakeFiles/v1.elf.dir/Drivers/STM32F4xx_HAL_Driver/Src/stm32f4xx_hal_spi.c.obj
 .text.SPI_EndRxTxTransaction
                0x08001d3c       0x68 CMakeFiles/v1.elf.dir/Drivers/STM32F4xx_HAL_Driver/Src/stm32f4xx_hal_spi.c.obj
 .text.HAL_SPI_Init
                0x08001da4       0xbe CMakeFiles/v1.elf.dir/Drivers/STM32F4xx_HAL_Driver/Src/stm32f4xx_hal_spi.c.obj
                0x08001da4                HAL_SPI_Init
 *fill*         0x08001e62        0x2 
 .text.HAL_SPI_Transmit_DMA
                0x08001e64       0xe0 CMakeFiles/v1.elf.dir/Drivers/STM32F4xx_HAL_Driver/Src/stm32f4xx_hal_spi.c.obj
                0x08001e64                HAL_SPI_Transmit_DMA
 .text.HAL_SPI_TxCpltCallback
                0x08001f44        0x2 CMakeFiles/v1.elf.dir/Drivers/STM32F4xx_HAL_Driver/Src/stm32f4xx_hal_spi.c.obj
                0x08001f44                HAL_SPI_TxCpltCallback
 .text.HAL_SPI_TxHalfCpltCallback
                0x08001f46        0x2 CMakeFiles/v1.elf.dir/Drivers/STM32F4xx_HAL_Driver/Src/stm32f4xx_hal_spi.c.obj
                0x08001f46                HAL_SPI_TxHalfCpltCallback
 .text.SPI_DMAHalfTransmitCplt
                0x08001f48        0xa CMakeFiles/v1.elf.dir/Drivers/STM32F4xx_HAL_Driver/Src/stm32f4xx_hal_spi.c.obj
 .text.HAL_SPI_ErrorCallback
                0x08001f52        0x2 CMakeFiles/v1.elf.dir/Drivers/STM32F4xx_HAL_Driver/Src/stm32f4xx_hal_spi.c.obj
                0x08001f52                HAL_SPI_ErrorCallback
 .text.SPI_DMAError
                0x08001f54       0x22 CMakeFiles/v1.elf.dir/Drivers/STM32F4xx_HAL_Driver/Src/stm32f4xx_hal_spi.c.obj
 .text.SPI_DMATransmitCplt
                0x08001f76       0x70 CMakeFiles/v1.elf.dir/Drivers/STM32F4xx_HAL_Driver/Src/stm32f4xx_hal_spi.c.obj
 .text.TIM_TI1_ConfigInputStage
                0x08001fe6       0x24 CMakeFiles/v1.elf.dir/Drivers/STM32F4xx_HAL_Driver/Src/stm32f4xx_hal_tim.c.obj
 .text.TIM_TI2_ConfigInputStage
                0x0800200a       0x26 CMakeFiles/v1.elf.dir/Drivers/STM32F4xx_HAL_Driver/Src/stm32f4xx_hal_tim.c.obj
 .text.TIM_ITRx_SetConfig
                0x08002030       0x10 CMakeFiles/v1.elf.dir/Drivers/STM32F4xx_HAL_Driver/Src/stm32f4xx_hal_tim.c.obj
 .text.HAL_TIM_Base_Start_IT
                0x08002040       0x78 CMakeFiles/v1.elf.dir/Drivers/STM32F4xx_HAL_Driver/Src/stm32f4xx_hal_tim.c.obj
                0x08002040                HAL_TIM_Base_Start_IT
 .text.HAL_TIM_OC_DelayElapsedCallback
                0x080020b8        0x2 CMakeFiles/v1.elf.dir/Drivers/STM32F4xx_HAL_Driver/Src/stm32f4xx_hal_tim.c.obj
                0x080020b8                HAL_TIM_OC_DelayElapsedCallback
 .text.HAL_TIM_IC_CaptureCallback
                0x080020ba        0x2 CMakeFiles/v1.elf.dir/Drivers/STM32F4xx_HAL_Driver/Src/stm32f4xx_hal_tim.c.obj
                0x080020ba                HAL_TIM_IC_CaptureCallback
 .text.HAL_TIM_PWM_PulseFinishedCallback
                0x080020bc        0x2 CMakeFiles/v1.elf.dir/Drivers/STM32F4xx_HAL_Driver/Src/stm32f4xx_hal_tim.c.obj
                0x080020bc                HAL_TIM_PWM_PulseFinishedCallback
 .text.HAL_TIM_TriggerCallback
                0x080020be        0x2 CMakeFiles/v1.elf.dir/Drivers/STM32F4xx_HAL_Driver/Src/stm32f4xx_hal_tim.c.obj
                0x080020be                HAL_TIM_TriggerCallback
 .text.HAL_TIM_IRQHandler
                0x080020c0      0x17a CMakeFiles/v1.elf.dir/Drivers/STM32F4xx_HAL_Driver/Src/stm32f4xx_hal_tim.c.obj
                0x080020c0                HAL_TIM_IRQHandler
 *fill*         0x0800223a        0x2 
 .text.TIM_Base_SetConfig
                0x0800223c       0x9c CMakeFiles/v1.elf.dir/Drivers/STM32F4xx_HAL_Driver/Src/stm32f4xx_hal_tim.c.obj
                0x0800223c                TIM_Base_SetConfig
 .text.HAL_TIM_Base_Init
                0x080022d8       0x58 CMakeFiles/v1.elf.dir/Drivers/STM32F4xx_HAL_Driver/Src/stm32f4xx_hal_tim.c.obj
                0x080022d8                HAL_TIM_Base_Init
 .text.TIM_ETR_SetConfig
                0x08002330       0x18 CMakeFiles/v1.elf.dir/Drivers/STM32F4xx_HAL_Driver/Src/stm32f4xx_hal_tim.c.obj
                0x08002330                TIM_ETR_SetConfig
 .text.HAL_TIM_ConfigClockSource
                0x08002348       0xfe CMakeFiles/v1.elf.dir/Drivers/STM32F4xx_HAL_Driver/Src/stm32f4xx_hal_tim.c.obj
                0x08002348                HAL_TIM_ConfigClockSource
 .text.HAL_TIMEx_CommutCallback
                0x08002446        0x2 CMakeFiles/v1.elf.dir/Drivers/STM32F4xx_HAL_Driver/Src/stm32f4xx_hal_tim_ex.c.obj
                0x08002446                HAL_TIMEx_CommutCallback
 .text.HAL_TIMEx_BreakCallback
                0x08002448        0x2 CMakeFiles/v1.elf.dir/Drivers/STM32F4xx_HAL_Driver/Src/stm32f4xx_hal_tim_ex.c.obj
                0x08002448                HAL_TIMEx_BreakCallback
 .text.UART_EndRxTransfer
                0x0800244a       0x5c CMakeFiles/v1.elf.dir/Drivers/STM32F4xx_HAL_Driver/Src/stm32f4xx_hal_uart.c.obj
 .text.UART_Transmit_IT
                0x080024a6       0x60 CMakeFiles/v1.elf.dir/Drivers/STM32F4xx_HAL_Driver/Src/stm32f4xx_hal_uart.c.obj
 *fill*         0x08002506        0x2 
 .text.UART_SetConfig
                0x08002508      0x110 CMakeFiles/v1.elf.dir/Drivers/STM32F4xx_HAL_Driver/Src/stm32f4xx_hal_uart.c.obj
 .text.HAL_UART_Init
                0x08002618       0x5e CMakeFiles/v1.elf.dir/Drivers/STM32F4xx_HAL_Driver/Src/stm32f4xx_hal_uart.c.obj
                0x08002618                HAL_UART_Init
 .text.HAL_UART_TxCpltCallback
                0x08002676        0x2 CMakeFiles/v1.elf.dir/Drivers/STM32F4xx_HAL_Driver/Src/stm32f4xx_hal_uart.c.obj
                0x08002676                HAL_UART_TxCpltCallback
 .text.UART_EndTransmit_IT
                0x08002678       0x1a CMakeFiles/v1.elf.dir/Drivers/STM32F4xx_HAL_Driver/Src/stm32f4xx_hal_uart.c.obj
 .text.HAL_UART_RxCpltCallback
                0x08002692        0x2 CMakeFiles/v1.elf.dir/Drivers/STM32F4xx_HAL_Driver/Src/stm32f4xx_hal_uart.c.obj
                0x08002692                HAL_UART_RxCpltCallback
 .text.HAL_UART_ErrorCallback
                0x08002694        0x2 CMakeFiles/v1.elf.dir/Drivers/STM32F4xx_HAL_Driver/Src/stm32f4xx_hal_uart.c.obj
                0x08002694                HAL_UART_ErrorCallback
 .text.UART_DMAAbortOnError
                0x08002696       0x10 CMakeFiles/v1.elf.dir/Drivers/STM32F4xx_HAL_Driver/Src/stm32f4xx_hal_uart.c.obj
 .text.HAL_UARTEx_RxEventCallback
                0x080026a6        0x2 CMakeFiles/v1.elf.dir/Drivers/STM32F4xx_HAL_Driver/Src/stm32f4xx_hal_uart.c.obj
                0x080026a6                HAL_UARTEx_RxEventCallback
 .text.UART_Receive_IT
                0x080026a8       0xe2 CMakeFiles/v1.elf.dir/Drivers/STM32F4xx_HAL_Driver/Src/stm32f4xx_hal_uart.c.obj
 *fill*         0x0800278a        0x2 
 .text.HAL_UART_IRQHandler
                0x0800278c      0x280 CMakeFiles/v1.elf.dir/Drivers/STM32F4xx_HAL_Driver/Src/stm32f4xx_hal_uart.c.obj
                0x0800278c                HAL_UART_IRQHandler
 .text.OLED_WR_Byte
                0x08002a0c       0x5c CMakeFiles/v1.elf.dir/OLED_SPI_HD/oled_spi_hd.c.obj
                0x08002a0c                OLED_WR_Byte
 .text.OLED_Set_Pos
                0x08002a68       0x2c CMakeFiles/v1.elf.dir/OLED_SPI_HD/oled_spi_hd.c.obj
                0x08002a68                OLED_Set_Pos
 .text.OLED_Clear
                0x08002a94       0x42 CMakeFiles/v1.elf.dir/OLED_SPI_HD/oled_spi_hd.c.obj
                0x08002a94                OLED_Clear
 *fill*         0x08002ad6        0x2 
 .text.OLED_Init
                0x08002ad8      0x128 CMakeFiles/v1.elf.dir/OLED_SPI_HD/oled_spi_hd.c.obj
                0x08002ad8                OLED_Init
 .text.pca9685_Write
                0x08002c00       0x2e CMakeFiles/v1.elf.dir/PCA8685/pca9685_sim.c.obj
                0x08002c00                pca9685_Write
 .text.pca9685_Read
                0x08002c2e       0x3a CMakeFiles/v1.elf.dir/PCA8685/pca9685_sim.c.obj
                0x08002c2e                pca9685_Read
 .text.setPWMFreq
                0x08002c68       0x84 CMakeFiles/v1.elf.dir/PCA8685/pca9685_sim.c.obj
                0x08002c68                setPWMFreq
 .text.setPWM   0x08002cec       0x3e CMakeFiles/v1.elf.dir/PCA8685/pca9685_sim.c.obj
                0x08002cec                setPWM
 *fill*         0x08002d2a        0x6 
 .text.set_ServoAngle
                0x08002d30       0x40 CMakeFiles/v1.elf.dir/PCA8685/pca9685_sim.c.obj
                0x08002d30                set_ServoAngle
 .text.pca9685_Init
                0x08002d70       0x2a CMakeFiles/v1.elf.dir/PCA8685/pca9685_sim.c.obj
                0x08002d70                pca9685_Init
 *fill*         0x08002d9a        0x2 
 .text.MX_DMA_Init
                0x08002d9c       0x34 CMakeFiles/v1.elf.dir/Src/dma.c.obj
                0x08002d9c                MX_DMA_Init
 .text.MX_GPIO_Init
                0x08002dd0       0xe4 CMakeFiles/v1.elf.dir/Src/gpio.c.obj
                0x08002dd0                MX_GPIO_Init
 .text.Error_Handler
                0x08002eb4        0x4 CMakeFiles/v1.elf.dir/Src/main.c.obj
                0x08002eb4                Error_Handler
 .text.SystemClock_Config
                0x08002eb8       0xa0 CMakeFiles/v1.elf.dir/Src/main.c.obj
                0x08002eb8                SystemClock_Config
 .text.main     0x08002f58       0x58 CMakeFiles/v1.elf.dir/Src/main.c.obj
                0x08002f58                main
 .text.MX_SPI1_Init
                0x08002fb0       0x44 CMakeFiles/v1.elf.dir/Src/spi.c.obj
                0x08002fb0                MX_SPI1_Init
 .text.HAL_SPI_MspInit
                0x08002ff4       0xac CMakeFiles/v1.elf.dir/Src/spi.c.obj
                0x08002ff4                HAL_SPI_MspInit
 .text.HAL_MspInit
                0x080030a0       0x38 CMakeFiles/v1.elf.dir/Src/stm32f4xx_hal_msp.c.obj
                0x080030a0                HAL_MspInit
 .text.NMI_Handler
                0x080030d8        0x2 CMakeFiles/v1.elf.dir/Src/stm32f4xx_it.c.obj
                0x080030d8                NMI_Handler
 .text.HardFault_Handler
                0x080030da        0x2 CMakeFiles/v1.elf.dir/Src/stm32f4xx_it.c.obj
                0x080030da                HardFault_Handler
 .text.MemManage_Handler
                0x080030dc        0x2 CMakeFiles/v1.elf.dir/Src/stm32f4xx_it.c.obj
                0x080030dc                MemManage_Handler
 .text.BusFault_Handler
                0x080030de        0x2 CMakeFiles/v1.elf.dir/Src/stm32f4xx_it.c.obj
                0x080030de                BusFault_Handler
 .text.UsageFault_Handler
                0x080030e0        0x2 CMakeFiles/v1.elf.dir/Src/stm32f4xx_it.c.obj
                0x080030e0                UsageFault_Handler
 .text.SVC_Handler
                0x080030e2        0x2 CMakeFiles/v1.elf.dir/Src/stm32f4xx_it.c.obj
                0x080030e2                SVC_Handler
 .text.DebugMon_Handler
                0x080030e4        0x2 CMakeFiles/v1.elf.dir/Src/stm32f4xx_it.c.obj
                0x080030e4                DebugMon_Handler
 .text.PendSV_Handler
                0x080030e6        0x2 CMakeFiles/v1.elf.dir/Src/stm32f4xx_it.c.obj
                0x080030e6                PendSV_Handler
 .text.SysTick_Handler
                0x080030e8        0x8 CMakeFiles/v1.elf.dir/Src/stm32f4xx_it.c.obj
                0x080030e8                SysTick_Handler
 .text.TIM1_BRK_TIM9_IRQHandler
                0x080030f0       0x10 CMakeFiles/v1.elf.dir/Src/stm32f4xx_it.c.obj
                0x080030f0                TIM1_BRK_TIM9_IRQHandler
 .text.USART1_IRQHandler
                0x08003100       0x10 CMakeFiles/v1.elf.dir/Src/stm32f4xx_it.c.obj
                0x08003100                USART1_IRQHandler
 .text.USART2_IRQHandler
                0x08003110       0x10 CMakeFiles/v1.elf.dir/Src/stm32f4xx_it.c.obj
                0x08003110                USART2_IRQHandler
 .text.DMA2_Stream2_IRQHandler
                0x08003120       0x10 CMakeFiles/v1.elf.dir/Src/stm32f4xx_it.c.obj
                0x08003120                DMA2_Stream2_IRQHandler
 .text.SystemInit
                0x08003130        0x2 CMakeFiles/v1.elf.dir/Src/system_stm32f4xx.c.obj
                0x08003130                SystemInit
 *fill*         0x08003132        0x2 
 .text.HAL_TIM_PeriodElapsedCallback
                0x08003134       0x58 CMakeFiles/v1.elf.dir/Src/tim.c.obj
                0x08003134                HAL_TIM_PeriodElapsedCallback
 .text.MX_TIM9_Init
                0x0800318c       0x58 CMakeFiles/v1.elf.dir/Src/tim.c.obj
                0x0800318c                MX_TIM9_Init
 .text.HAL_TIM_Base_MspInit
                0x080031e4       0x40 CMakeFiles/v1.elf.dir/Src/tim.c.obj
                0x080031e4                HAL_TIM_Base_MspInit
 .text.MX_USART1_UART_Init
                0x08003224       0x34 CMakeFiles/v1.elf.dir/Src/usart.c.obj
                0x08003224                MX_USART1_UART_Init
 .text.MX_USART2_UART_Init
                0x08003258       0x34 CMakeFiles/v1.elf.dir/Src/usart.c.obj
                0x08003258                MX_USART2_UART_Init
 .text.HAL_UART_MspInit
                0x0800328c       0xe0 CMakeFiles/v1.elf.dir/Src/usart.c.obj
                0x0800328c                HAL_UART_MspInit
 .text.Reset_Handler
                0x0800336c       0x50 CMakeFiles/v1.elf.dir/Startup/startup_stm32f411ceux.s.obj
                0x0800336c                Reset_Handler
 .text.Default_Handler
                0x080033bc        0x2 CMakeFiles/v1.elf.dir/Startup/startup_stm32f411ceux.s.obj
                0x080033bc                RTC_Alarm_IRQHandler
                0x080033bc                EXTI2_IRQHandler
                0x080033bc                SPI4_IRQHandler
                0x080033bc                TIM1_CC_IRQHandler
                0x080033bc                DMA2_Stream5_IRQHandler
                0x080033bc                DMA1_Stream5_IRQHandler
                0x080033bc                PVD_IRQHandler
                0x080033bc                SDIO_IRQHandler
                0x080033bc                TAMP_STAMP_IRQHandler
                0x080033bc                EXTI3_IRQHandler
                0x080033bc                TIM1_UP_TIM10_IRQHandler
                0x080033bc                I2C3_ER_IRQHandler
                0x080033bc                EXTI0_IRQHandler
                0x080033bc                I2C2_EV_IRQHandler
                0x080033bc                DMA1_Stream2_IRQHandler
                0x080033bc                FPU_IRQHandler
                0x080033bc                SPI1_IRQHandler
                0x080033bc                DMA2_Stream3_IRQHandler
                0x080033bc                USART6_IRQHandler
                0x080033bc                DMA2_Stream0_IRQHandler
                0x080033bc                TIM4_IRQHandler
                0x080033bc                I2C1_EV_IRQHandler
                0x080033bc                DMA1_Stream6_IRQHandler
                0x080033bc                DMA1_Stream1_IRQHandler
                0x080033bc                TIM3_IRQHandler
                0x080033bc                RCC_IRQHandler
                0x080033bc                Default_Handler
                0x080033bc                EXTI15_10_IRQHandler
                0x080033bc                ADC_IRQHandler
                0x080033bc                DMA1_Stream7_IRQHandler
                0x080033bc                SPI5_IRQHandler
                0x080033bc                TIM5_IRQHandler
                0x080033bc                DMA2_Stream7_IRQHandler
                0x080033bc                I2C3_EV_IRQHandler
                0x080033bc                EXTI9_5_IRQHandler
                0x080033bc                RTC_WKUP_IRQHandler
                0x080033bc                SPI2_IRQHandler
                0x080033bc                DMA1_Stream0_IRQHandler
                0x080033bc                EXTI4_IRQHandler
                0x080033bc                WWDG_IRQHandler
                0x080033bc                TIM2_IRQHandler
                0x080033bc                OTG_FS_WKUP_IRQHandler
                0x080033bc                TIM1_TRG_COM_TIM11_IRQHandler
                0x080033bc                EXTI1_IRQHandler
                0x080033bc                I2C2_ER_IRQHandler
                0x080033bc                DMA2_Stream1_IRQHandler
                0x080033bc                FLASH_IRQHandler
                0x080033bc                DMA2_Stream4_IRQHandler
                0x080033bc                OTG_FS_IRQHandler
                0x080033bc                SPI3_IRQHandler
                0x080033bc                DMA1_Stream4_IRQHandler
                0x080033bc                I2C1_ER_IRQHandler
                0x080033bc                DMA2_Stream6_IRQHandler
                0x080033bc                DMA1_Stream3_IRQHandler
 *fill*         0x080033be        0x2 
 .text.IIC_Start
                0x080033c0       0x38 CMakeFiles/v1.elf.dir/iic_sim/bsp_iic.c.obj
                0x080033c0                IIC_Start
 .text.IIC_Stop
                0x080033f8       0x2c CMakeFiles/v1.elf.dir/iic_sim/bsp_iic.c.obj
                0x080033f8                IIC_Stop
 .text.IIC_Send_Byte
                0x08003424       0x60 CMakeFiles/v1.elf.dir/iic_sim/bsp_iic.c.obj
                0x08003424                IIC_Send_Byte
 .text.IIC_Wait_Ack
                0x08003484       0x3c CMakeFiles/v1.elf.dir/iic_sim/bsp_iic.c.obj
                0x08003484                IIC_Wait_Ack
 .text.IIC_Ack  0x080034c0       0x38 CMakeFiles/v1.elf.dir/iic_sim/bsp_iic.c.obj
                0x080034c0                IIC_Ack
 .text.IIC_NAck
                0x080034f8       0x2c CMakeFiles/v1.elf.dir/iic_sim/bsp_iic.c.obj
                0x080034f8                IIC_NAck
 .text.IIC_Read_Byte
                0x08003524       0x58 CMakeFiles/v1.elf.dir/iic_sim/bsp_iic.c.obj
                0x08003524                IIC_Read_Byte
 .text.IIC_GPIO_Init
                0x0800357c       0x68 CMakeFiles/v1.elf.dir/iic_sim/bsp_iic.c.obj
                0x0800357c                IIC_GPIO_Init
 .text.__libc_init_array
                0x080035e4       0x48 d:/clion/tools/gcc-arm-none-eabi-10.3-2021.10-win32/gcc-arm-none-eabi-10.3-2021.10/bin/../lib/gcc/arm-none-eabi/10.3.1/../../../../arm-none-eabi/lib/thumb/v7e-m/nofp\libg.a(lib_a-init.o)
                0x080035e4                __libc_init_array
 .text.memset   0x0800362c       0xa4 d:/clion/tools/gcc-arm-none-eabi-10.3-2021.10-win32/gcc-arm-none-eabi-10.3-2021.10/bin/../lib/gcc/arm-none-eabi/10.3.1/../../../../arm-none-eabi/lib/thumb/v7e-m/nofp\libg.a(lib_a-memset.o)
                0x0800362c                memset
 .text.startup.register_fini
                0x080036d0       0x14 d:/clion/tools/gcc-arm-none-eabi-10.3-2021.10-win32/gcc-arm-none-eabi-10.3-2021.10/bin/../lib/gcc/arm-none-eabi/10.3.1/../../../../arm-none-eabi/lib/thumb/v7e-m/nofp\libg.a(lib_a-__call_atexit.o)
 .text.atexit   0x080036e4        0xc d:/clion/tools/gcc-arm-none-eabi-10.3-2021.10-win32/gcc-arm-none-eabi-10.3-2021.10/bin/../lib/gcc/arm-none-eabi/10.3.1/../../../../arm-none-eabi/lib/thumb/v7e-m/nofp\libg.a(lib_a-atexit.o)
                0x080036e4                atexit
 .text.__libc_fini_array
                0x080036f0       0x2c d:/clion/tools/gcc-arm-none-eabi-10.3-2021.10-win32/gcc-arm-none-eabi-10.3-2021.10/bin/../lib/gcc/arm-none-eabi/10.3.1/../../../../arm-none-eabi/lib/thumb/v7e-m/nofp\libg.a(lib_a-fini.o)
                0x080036f0                __libc_fini_array
 .text.__retarget_lock_acquire_recursive
                0x0800371c        0x4 d:/clion/tools/gcc-arm-none-eabi-10.3-2021.10-win32/gcc-arm-none-eabi-10.3-2021.10/bin/../lib/gcc/arm-none-eabi/10.3.1/../../../../arm-none-eabi/lib/thumb/v7e-m/nofp\libg.a(lib_a-lock.o)
                0x0800371c                __retarget_lock_acquire_recursive
 .text.__retarget_lock_release_recursive
                0x08003720        0x4 d:/clion/tools/gcc-arm-none-eabi-10.3-2021.10-win32/gcc-arm-none-eabi-10.3-2021.10/bin/../lib/gcc/arm-none-eabi/10.3.1/../../../../arm-none-eabi/lib/thumb/v7e-m/nofp\libg.a(lib_a-lock.o)
                0x08003720                __retarget_lock_release_recursive
 .text.__register_exitproc
                0x08003724       0x8c d:/clion/tools/gcc-arm-none-eabi-10.3-2021.10-win32/gcc-arm-none-eabi-10.3-2021.10/bin/../lib/gcc/arm-none-eabi/10.3.1/../../../../arm-none-eabi/lib/thumb/v7e-m/nofp\libg.a(lib_a-__atexit.o)
                0x08003724                __register_exitproc
 .text.floor    0x080037b0       0xf8 d:/clion/tools/gcc-arm-none-eabi-10.3-2021.10-win32/gcc-arm-none-eabi-10.3-2021.10/bin/../lib/gcc/arm-none-eabi/10.3.1/../../../../arm-none-eabi/lib/thumb/v7e-m/nofp\libm.a(lib_a-s_floor.o)
                0x080037b0                floor
 *(.glue_7)
 .glue_7        0x080038a8        0x0 linker stubs
 *(.glue_7t)
 .glue_7t       0x080038a8        0x0 linker stubs
 *(.eh_frame)
 .eh_frame      0x080038a8        0x0 d:/clion/tools/gcc-arm-none-eabi-10.3-2021.10-win32/gcc-arm-none-eabi-10.3-2021.10/bin/../lib/gcc/arm-none-eabi/10.3.1/thumb/v7e-m/nofp/crtbegin.o
 *(.init)
 .init          0x080038a8        0x4 d:/clion/tools/gcc-arm-none-eabi-10.3-2021.10-win32/gcc-arm-none-eabi-10.3-2021.10/bin/../lib/gcc/arm-none-eabi/10.3.1/thumb/v7e-m/nofp/crti.o
                0x080038a8                _init
 .init          0x080038ac        0x8 d:/clion/tools/gcc-arm-none-eabi-10.3-2021.10-win32/gcc-arm-none-eabi-10.3-2021.10/bin/../lib/gcc/arm-none-eabi/10.3.1/thumb/v7e-m/nofp/crtn.o
 *(.fini)
 .fini          0x080038b4        0x4 d:/clion/tools/gcc-arm-none-eabi-10.3-2021.10-win32/gcc-arm-none-eabi-10.3-2021.10/bin/../lib/gcc/arm-none-eabi/10.3.1/thumb/v7e-m/nofp/crti.o
                0x080038b4                _fini
 .fini          0x080038b8        0x8 d:/clion/tools/gcc-arm-none-eabi-10.3-2021.10-win32/gcc-arm-none-eabi-10.3-2021.10/bin/../lib/gcc/arm-none-eabi/10.3.1/thumb/v7e-m/nofp/crtn.o
                0x080038c0                . = ALIGN (0x4)
                0x080038c0                _etext = .

.vfp11_veneer   0x080038c0        0x0
 .vfp11_veneer  0x080038c0        0x0 linker stubs

.v4_bx          0x080038c0        0x0
 .v4_bx         0x080038c0        0x0 linker stubs

.iplt           0x080038c0        0x0
 .iplt          0x080038c0        0x0 d:/clion/tools/gcc-arm-none-eabi-10.3-2021.10-win32/gcc-arm-none-eabi-10.3-2021.10/bin/../lib/gcc/arm-none-eabi/10.3.1/thumb/v7e-m/nofp/crtbegin.o

.rodata         0x080038c0       0x24
                0x080038c0                . = ALIGN (0x4)
 *(.rodata)
 *(.rodata*)
 .rodata.flagBitshiftOffset.0
                0x080038c0        0x8 CMakeFiles/v1.elf.dir/Drivers/STM32F4xx_HAL_Driver/Src/stm32f4xx_hal_dma.c.obj
 .rodata.AHBPrescTable
                0x080038c8       0x10 CMakeFiles/v1.elf.dir/Src/system_stm32f4xx.c.obj
                0x080038c8                AHBPrescTable
 .rodata.APBPrescTable
                0x080038d8        0x8 CMakeFiles/v1.elf.dir/Src/system_stm32f4xx.c.obj
                0x080038d8                APBPrescTable
 .rodata._global_impure_ptr
                0x080038e0        0x4 d:/clion/tools/gcc-arm-none-eabi-10.3-2021.10-win32/gcc-arm-none-eabi-10.3-2021.10/bin/../lib/gcc/arm-none-eabi/10.3.1/../../../../arm-none-eabi/lib/thumb/v7e-m/nofp\libg.a(lib_a-impure.o)
                0x080038e0                _global_impure_ptr
                0x080038e4                . = ALIGN (0x4)

.ARM.extab      0x080038e4        0x0
                0x080038e4                . = ALIGN (0x4)
 *(.ARM.extab* .gnu.linkonce.armextab.*)
                0x080038e4                . = ALIGN (0x4)

.ARM            0x080038e4        0x8
                0x080038e4                . = ALIGN (0x4)
                0x080038e4                __exidx_start = .
 *(.ARM.exidx*)
 .ARM.exidx     0x080038e4        0x8 d:/clion/tools/gcc-arm-none-eabi-10.3-2021.10-win32/gcc-arm-none-eabi-10.3-2021.10/bin/../lib/gcc/arm-none-eabi/10.3.1/thumb/v7e-m/nofp\libgcc.a(_udivmoddi4.o)
                0x080038ec                __exidx_end = .
                0x080038ec                . = ALIGN (0x4)

.rel.dyn        0x080038ec        0x0
 .rel.iplt      0x080038ec        0x0 d:/clion/tools/gcc-arm-none-eabi-10.3-2021.10-win32/gcc-arm-none-eabi-10.3-2021.10/bin/../lib/gcc/arm-none-eabi/10.3.1/thumb/v7e-m/nofp/crtbegin.o

.preinit_array  0x080038ec        0x0
                0x080038ec                . = ALIGN (0x4)
                0x080038ec                PROVIDE (__preinit_array_start = .)
 *(.preinit_array*)
                0x080038ec                PROVIDE (__preinit_array_end = .)
                0x080038ec                . = ALIGN (0x4)

.init_array     0x080038ec        0x8
                0x080038ec                . = ALIGN (0x4)
                0x080038ec                PROVIDE (__init_array_start = .)
 *(SORT_BY_NAME(.init_array.*))
 .init_array.00000
                0x080038ec        0x4 d:/clion/tools/gcc-arm-none-eabi-10.3-2021.10-win32/gcc-arm-none-eabi-10.3-2021.10/bin/../lib/gcc/arm-none-eabi/10.3.1/../../../../arm-none-eabi/lib/thumb/v7e-m/nofp\libg.a(lib_a-__call_atexit.o)
 *(.init_array*)
 .init_array    0x080038f0        0x4 d:/clion/tools/gcc-arm-none-eabi-10.3-2021.10-win32/gcc-arm-none-eabi-10.3-2021.10/bin/../lib/gcc/arm-none-eabi/10.3.1/thumb/v7e-m/nofp/crtbegin.o
                0x080038f4                PROVIDE (__init_array_end = .)
                0x080038f4                . = ALIGN (0x4)

.fini_array     0x080038f4        0x4
                0x080038f4                . = ALIGN (0x4)
                0x080038f4                PROVIDE (__fini_array_start = .)
 *(SORT_BY_NAME(.fini_array.*))
 *(.fini_array*)
 .fini_array    0x080038f4        0x4 d:/clion/tools/gcc-arm-none-eabi-10.3-2021.10-win32/gcc-arm-none-eabi-10.3-2021.10/bin/../lib/gcc/arm-none-eabi/10.3.1/thumb/v7e-m/nofp/crtbegin.o
                0x080038f8                PROVIDE (__fini_array_end = .)
                0x080038f8                . = ALIGN (0x4)
                0x080038f8                _sidata = LOADADDR (.data)

.data           0x20000000      0x43c load address 0x080038f8
                0x20000000                . = ALIGN (0x4)
                0x20000000                _sdata = .
 *(.data)
 *(.data*)
 .data.uwTickFreq
                0x20000000        0x1 CMakeFiles/v1.elf.dir/Drivers/STM32F4xx_HAL_Driver/Src/stm32f4xx_hal.c.obj
                0x20000000                uwTickFreq
 *fill*         0x20000001        0x3 
 .data.uwTickPrio
                0x20000004        0x4 CMakeFiles/v1.elf.dir/Drivers/STM32F4xx_HAL_Driver/Src/stm32f4xx_hal.c.obj
                0x20000004                uwTickPrio
 .data.SystemCoreClock
                0x20000008        0x4 CMakeFiles/v1.elf.dir/Src/system_stm32f4xx.c.obj
                0x20000008                SystemCoreClock
 *fill*         0x2000000c        0x4 
 .data.impure_data
                0x20000010      0x428 d:/clion/tools/gcc-arm-none-eabi-10.3-2021.10-win32/gcc-arm-none-eabi-10.3-2021.10/bin/../lib/gcc/arm-none-eabi/10.3.1/../../../../arm-none-eabi/lib/thumb/v7e-m/nofp\libg.a(lib_a-impure.o)
 .data.__atexit_recursive_mutex
                0x20000438        0x4 d:/clion/tools/gcc-arm-none-eabi-10.3-2021.10-win32/gcc-arm-none-eabi-10.3-2021.10/bin/../lib/gcc/arm-none-eabi/10.3.1/../../../../arm-none-eabi/lib/thumb/v7e-m/nofp\libg.a(lib_a-__call_atexit.o)
                0x20000438                __atexit_recursive_mutex
 *(.RamFunc)
 *(.RamFunc*)
                0x2000043c                . = ALIGN (0x4)
                0x2000043c                _edata = .

.igot.plt       0x2000043c        0x0 load address 0x08003d34
 .igot.plt      0x2000043c        0x0 d:/clion/tools/gcc-arm-none-eabi-10.3-2021.10-win32/gcc-arm-none-eabi-10.3-2021.10/bin/../lib/gcc/arm-none-eabi/10.3.1/thumb/v7e-m/nofp/crtbegin.o
                0x2000043c                . = ALIGN (0x4)

.bss            0x2000043c      0x1b0 load address 0x08003d34
                0x2000043c                _sbss = .
                0x2000043c                __bss_start__ = _sbss
 *(.bss)
 .bss           0x2000043c       0x1c d:/clion/tools/gcc-arm-none-eabi-10.3-2021.10-win32/gcc-arm-none-eabi-10.3-2021.10/bin/../lib/gcc/arm-none-eabi/10.3.1/thumb/v7e-m/nofp/crtbegin.o
 *(.bss*)
 .bss.uwTick    0x20000458        0x4 CMakeFiles/v1.elf.dir/Drivers/STM32F4xx_HAL_Driver/Src/stm32f4xx_hal.c.obj
                0x20000458                uwTick
 .bss.hdma_spi1_tx
                0x2000045c       0x60 CMakeFiles/v1.elf.dir/Src/spi.c.obj
                0x2000045c                hdma_spi1_tx
 .bss.hspi1     0x200004bc       0x58 CMakeFiles/v1.elf.dir/Src/spi.c.obj
                0x200004bc                hspi1
 .bss.cnt.0     0x20000514        0x4 CMakeFiles/v1.elf.dir/Src/tim.c.obj
 .bss.htim9     0x20000518       0x48 CMakeFiles/v1.elf.dir/Src/tim.c.obj
                0x20000518                htim9
 .bss.huart1    0x20000560       0x44 CMakeFiles/v1.elf.dir/Src/usart.c.obj
                0x20000560                huart1
 .bss.huart2    0x200005a4       0x44 CMakeFiles/v1.elf.dir/Src/usart.c.obj
                0x200005a4                huart2
 .bss.__lock___atexit_recursive_mutex
                0x200005e8        0x1 d:/clion/tools/gcc-arm-none-eabi-10.3-2021.10-win32/gcc-arm-none-eabi-10.3-2021.10/bin/../lib/gcc/arm-none-eabi/10.3.1/../../../../arm-none-eabi/lib/thumb/v7e-m/nofp\libg.a(lib_a-lock.o)
                0x200005e8                __lock___atexit_recursive_mutex
 *(COMMON)
                0x200005ec                . = ALIGN (0x4)
 *fill*         0x200005e9        0x3 
                0x200005ec                _ebss = .
                0x200005ec                __bss_end__ = _ebss

._user_heap_stack
                0x200005ec      0x604 load address 0x08003d34
                0x200005f0                . = ALIGN (0x8)
 *fill*         0x200005ec        0x4 
                [!provide]                PROVIDE (end = .)
                0x200005f0                PROVIDE (_end = .)
                0x200007f0                . = (. + _Min_Heap_Size)
 *fill*         0x200005f0      0x200 
                0x20000bf0                . = (. + _Min_Stack_Size)
 *fill*         0x200007f0      0x400 
                0x20000bf0                . = ALIGN (0x8)

/DISCARD/
 libc.a(*)
 libm.a(*)
 libgcc.a(*)

.ARM.attributes
                0x00000000       0x2a
 *(.ARM.attributes)
 .ARM.attributes
                0x00000000       0x1e d:/clion/tools/gcc-arm-none-eabi-10.3-2021.10-win32/gcc-arm-none-eabi-10.3-2021.10/bin/../lib/gcc/arm-none-eabi/10.3.1/thumb/v7e-m/nofp/crti.o
 .ARM.attributes
                0x0000001e       0x2e d:/clion/tools/gcc-arm-none-eabi-10.3-2021.10-win32/gcc-arm-none-eabi-10.3-2021.10/bin/../lib/gcc/arm-none-eabi/10.3.1/thumb/v7e-m/nofp/crtbegin.o
 .ARM.attributes
                0x0000004c       0x2e CMakeFiles/v1.elf.dir/Drivers/STM32F4xx_HAL_Driver/Src/stm32f4xx_hal.c.obj
 .ARM.attributes
                0x0000007a       0x2e CMakeFiles/v1.elf.dir/Drivers/STM32F4xx_HAL_Driver/Src/stm32f4xx_hal_cortex.c.obj
 .ARM.attributes
                0x000000a8       0x2e CMakeFiles/v1.elf.dir/Drivers/STM32F4xx_HAL_Driver/Src/stm32f4xx_hal_dma.c.obj
 .ARM.attributes
                0x000000d6       0x2e CMakeFiles/v1.elf.dir/Drivers/STM32F4xx_HAL_Driver/Src/stm32f4xx_hal_gpio.c.obj
 .ARM.attributes
                0x00000104       0x2e CMakeFiles/v1.elf.dir/Drivers/STM32F4xx_HAL_Driver/Src/stm32f4xx_hal_rcc.c.obj
 .ARM.attributes
                0x00000132       0x2e CMakeFiles/v1.elf.dir/Drivers/STM32F4xx_HAL_Driver/Src/stm32f4xx_hal_spi.c.obj
 .ARM.attributes
                0x00000160       0x2e CMakeFiles/v1.elf.dir/Drivers/STM32F4xx_HAL_Driver/Src/stm32f4xx_hal_tim.c.obj
 .ARM.attributes
                0x0000018e       0x2e CMakeFiles/v1.elf.dir/Drivers/STM32F4xx_HAL_Driver/Src/stm32f4xx_hal_tim_ex.c.obj
 .ARM.attributes
                0x000001bc       0x2e CMakeFiles/v1.elf.dir/Drivers/STM32F4xx_HAL_Driver/Src/stm32f4xx_hal_uart.c.obj
 .ARM.attributes
                0x000001ea       0x2e CMakeFiles/v1.elf.dir/OLED_SPI_HD/oled_spi_hd.c.obj
 .ARM.attributes
                0x00000218       0x2e CMakeFiles/v1.elf.dir/PCA8685/pca9685_sim.c.obj
 .ARM.attributes
                0x00000246       0x2e CMakeFiles/v1.elf.dir/Src/dma.c.obj
 .ARM.attributes
                0x00000274       0x2e CMakeFiles/v1.elf.dir/Src/gpio.c.obj
 .ARM.attributes
                0x000002a2       0x2e CMakeFiles/v1.elf.dir/Src/main.c.obj
 .ARM.attributes
                0x000002d0       0x2e CMakeFiles/v1.elf.dir/Src/spi.c.obj
 .ARM.attributes
                0x000002fe       0x2e CMakeFiles/v1.elf.dir/Src/stm32f4xx_hal_msp.c.obj
 .ARM.attributes
                0x0000032c       0x2e CMakeFiles/v1.elf.dir/Src/stm32f4xx_it.c.obj
 .ARM.attributes
                0x0000035a       0x2e CMakeFiles/v1.elf.dir/Src/system_stm32f4xx.c.obj
 .ARM.attributes
                0x00000388       0x2e CMakeFiles/v1.elf.dir/Src/tim.c.obj
 .ARM.attributes
                0x000003b6       0x2e CMakeFiles/v1.elf.dir/Src/usart.c.obj
 .ARM.attributes
                0x000003e4       0x21 CMakeFiles/v1.elf.dir/Startup/startup_stm32f411ceux.s.obj
 .ARM.attributes
                0x00000405       0x2e CMakeFiles/v1.elf.dir/iic_sim/bsp_iic.c.obj
 .ARM.attributes
                0x00000433       0x1e d:/clion/tools/gcc-arm-none-eabi-10.3-2021.10-win32/gcc-arm-none-eabi-10.3-2021.10/bin/../lib/gcc/arm-none-eabi/10.3.1/thumb/v7e-m/nofp\libgcc.a(_arm_addsubdf3.o)
 .ARM.attributes
                0x00000451       0x1e d:/clion/tools/gcc-arm-none-eabi-10.3-2021.10-win32/gcc-arm-none-eabi-10.3-2021.10/bin/../lib/gcc/arm-none-eabi/10.3.1/thumb/v7e-m/nofp\libgcc.a(_arm_muldivdf3.o)
 .ARM.attributes
                0x0000046f       0x1e d:/clion/tools/gcc-arm-none-eabi-10.3-2021.10-win32/gcc-arm-none-eabi-10.3-2021.10/bin/../lib/gcc/arm-none-eabi/10.3.1/thumb/v7e-m/nofp\libgcc.a(_arm_fixunsdfsi.o)
 .ARM.attributes
                0x0000048d       0x1e d:/clion/tools/gcc-arm-none-eabi-10.3-2021.10-win32/gcc-arm-none-eabi-10.3-2021.10/bin/../lib/gcc/arm-none-eabi/10.3.1/thumb/v7e-m/nofp\libgcc.a(_aeabi_uldivmod.o)
 .ARM.attributes
                0x000004ab       0x2e d:/clion/tools/gcc-arm-none-eabi-10.3-2021.10-win32/gcc-arm-none-eabi-10.3-2021.10/bin/../lib/gcc/arm-none-eabi/10.3.1/thumb/v7e-m/nofp\libgcc.a(_udivmoddi4.o)
 .ARM.attributes
                0x000004d9       0x1e d:/clion/tools/gcc-arm-none-eabi-10.3-2021.10-win32/gcc-arm-none-eabi-10.3-2021.10/bin/../lib/gcc/arm-none-eabi/10.3.1/thumb/v7e-m/nofp\libgcc.a(_dvmd_tls.o)
 .ARM.attributes
                0x000004f7       0x2e d:/clion/tools/gcc-arm-none-eabi-10.3-2021.10-win32/gcc-arm-none-eabi-10.3-2021.10/bin/../lib/gcc/arm-none-eabi/10.3.1/../../../../arm-none-eabi/lib/thumb/v7e-m/nofp\libg.a(lib_a-impure.o)
 .ARM.attributes
                0x00000525       0x2e d:/clion/tools/gcc-arm-none-eabi-10.3-2021.10-win32/gcc-arm-none-eabi-10.3-2021.10/bin/../lib/gcc/arm-none-eabi/10.3.1/../../../../arm-none-eabi/lib/thumb/v7e-m/nofp\libg.a(lib_a-init.o)
 .ARM.attributes
                0x00000553       0x2e d:/clion/tools/gcc-arm-none-eabi-10.3-2021.10-win32/gcc-arm-none-eabi-10.3-2021.10/bin/../lib/gcc/arm-none-eabi/10.3.1/../../../../arm-none-eabi/lib/thumb/v7e-m/nofp\libg.a(lib_a-memset.o)
 .ARM.attributes
                0x00000581       0x2e d:/clion/tools/gcc-arm-none-eabi-10.3-2021.10-win32/gcc-arm-none-eabi-10.3-2021.10/bin/../lib/gcc/arm-none-eabi/10.3.1/../../../../arm-none-eabi/lib/thumb/v7e-m/nofp\libg.a(lib_a-__call_atexit.o)
 .ARM.attributes
                0x000005af       0x2e d:/clion/tools/gcc-arm-none-eabi-10.3-2021.10-win32/gcc-arm-none-eabi-10.3-2021.10/bin/../lib/gcc/arm-none-eabi/10.3.1/../../../../arm-none-eabi/lib/thumb/v7e-m/nofp\libg.a(lib_a-atexit.o)
 .ARM.attributes
                0x000005dd       0x2e d:/clion/tools/gcc-arm-none-eabi-10.3-2021.10-win32/gcc-arm-none-eabi-10.3-2021.10/bin/../lib/gcc/arm-none-eabi/10.3.1/../../../../arm-none-eabi/lib/thumb/v7e-m/nofp\libg.a(lib_a-fini.o)
 .ARM.attributes
                0x0000060b       0x2e d:/clion/tools/gcc-arm-none-eabi-10.3-2021.10-win32/gcc-arm-none-eabi-10.3-2021.10/bin/../lib/gcc/arm-none-eabi/10.3.1/../../../../arm-none-eabi/lib/thumb/v7e-m/nofp\libg.a(lib_a-lock.o)
 .ARM.attributes
                0x00000639       0x2e d:/clion/tools/gcc-arm-none-eabi-10.3-2021.10-win32/gcc-arm-none-eabi-10.3-2021.10/bin/../lib/gcc/arm-none-eabi/10.3.1/../../../../arm-none-eabi/lib/thumb/v7e-m/nofp\libg.a(lib_a-__atexit.o)
 .ARM.attributes
                0x00000667       0x1e d:/clion/tools/gcc-arm-none-eabi-10.3-2021.10-win32/gcc-arm-none-eabi-10.3-2021.10/bin/../lib/gcc/arm-none-eabi/10.3.1/thumb/v7e-m/nofp/crtn.o
OUTPUT(v1.elf elf32-littlearm)
LOAD linker stubs
LOAD d:/clion/tools/gcc-arm-none-eabi-10.3-2021.10-win32/gcc-arm-none-eabi-10.3-2021.10/bin/../lib/gcc/arm-none-eabi/10.3.1/../../../../arm-none-eabi/lib/thumb/v7e-m/nofp\libc.a
LOAD d:/clion/tools/gcc-arm-none-eabi-10.3-2021.10-win32/gcc-arm-none-eabi-10.3-2021.10/bin/../lib/gcc/arm-none-eabi/10.3.1/../../../../arm-none-eabi/lib/thumb/v7e-m/nofp\libm.a
LOAD d:/clion/tools/gcc-arm-none-eabi-10.3-2021.10-win32/gcc-arm-none-eabi-10.3-2021.10/bin/../lib/gcc/arm-none-eabi/10.3.1/thumb/v7e-m/nofp\libgcc.a

.debug_info     0x00000000    0x1604a
 .debug_info    0x00000000      0x981 CMakeFiles/v1.elf.dir/Drivers/STM32F4xx_HAL_Driver/Src/stm32f4xx_hal.c.obj
 .debug_info    0x00000981     0x1008 CMakeFiles/v1.elf.dir/Drivers/STM32F4xx_HAL_Driver/Src/stm32f4xx_hal_cortex.c.obj
 .debug_info    0x00001989      0xb37 CMakeFiles/v1.elf.dir/Drivers/STM32F4xx_HAL_Driver/Src/stm32f4xx_hal_dma.c.obj
 .debug_info    0x000024c0      0x7d4 CMakeFiles/v1.elf.dir/Drivers/STM32F4xx_HAL_Driver/Src/stm32f4xx_hal_gpio.c.obj
 .debug_info    0x00002c94      0xb2a CMakeFiles/v1.elf.dir/Drivers/STM32F4xx_HAL_Driver/Src/stm32f4xx_hal_rcc.c.obj
 .debug_info    0x000037be     0x1e8e CMakeFiles/v1.elf.dir/Drivers/STM32F4xx_HAL_Driver/Src/stm32f4xx_hal_spi.c.obj
 .debug_info    0x0000564c     0x3d53 CMakeFiles/v1.elf.dir/Drivers/STM32F4xx_HAL_Driver/Src/stm32f4xx_hal_tim.c.obj
 .debug_info    0x0000939f     0x1ad6 CMakeFiles/v1.elf.dir/Drivers/STM32F4xx_HAL_Driver/Src/stm32f4xx_hal_tim_ex.c.obj
 .debug_info    0x0000ae75     0x4246 CMakeFiles/v1.elf.dir/Drivers/STM32F4xx_HAL_Driver/Src/stm32f4xx_hal_uart.c.obj
 .debug_info    0x0000f0bb     0x11d1 CMakeFiles/v1.elf.dir/OLED_SPI_HD/oled_spi_hd.c.obj
 .debug_info    0x0001028c      0x5d2 CMakeFiles/v1.elf.dir/PCA8685/pca9685_sim.c.obj
 .debug_info    0x0001085e      0x498 CMakeFiles/v1.elf.dir/Src/dma.c.obj
 .debug_info    0x00010cf6      0x519 CMakeFiles/v1.elf.dir/Src/gpio.c.obj
 .debug_info    0x0001120f      0xf5e CMakeFiles/v1.elf.dir/Src/main.c.obj
 .debug_info    0x0001216d      0xa99 CMakeFiles/v1.elf.dir/Src/spi.c.obj
 .debug_info    0x00012c06      0x2d0 CMakeFiles/v1.elf.dir/Src/stm32f4xx_hal_msp.c.obj
 .debug_info    0x00012ed6      0xa4f CMakeFiles/v1.elf.dir/Src/stm32f4xx_it.c.obj
 .debug_info    0x00013925      0x3a9 CMakeFiles/v1.elf.dir/Src/system_stm32f4xx.c.obj
 .debug_info    0x00013cce      0xcf3 CMakeFiles/v1.elf.dir/Src/tim.c.obj
 .debug_info    0x000149c1      0xd02 CMakeFiles/v1.elf.dir/Src/usart.c.obj
 .debug_info    0x000156c3       0x22 CMakeFiles/v1.elf.dir/Startup/startup_stm32f411ceux.s.obj
 .debug_info    0x000156e5      0x965 CMakeFiles/v1.elf.dir/iic_sim/bsp_iic.c.obj

.debug_abbrev   0x00000000     0x2a27
 .debug_abbrev  0x00000000      0x237 CMakeFiles/v1.elf.dir/Drivers/STM32F4xx_HAL_Driver/Src/stm32f4xx_hal.c.obj
 .debug_abbrev  0x00000237      0x36a CMakeFiles/v1.elf.dir/Drivers/STM32F4xx_HAL_Driver/Src/stm32f4xx_hal_cortex.c.obj
 .debug_abbrev  0x000005a1      0x282 CMakeFiles/v1.elf.dir/Drivers/STM32F4xx_HAL_Driver/Src/stm32f4xx_hal_dma.c.obj
 .debug_abbrev  0x00000823      0x1ef CMakeFiles/v1.elf.dir/Drivers/STM32F4xx_HAL_Driver/Src/stm32f4xx_hal_gpio.c.obj
 .debug_abbrev  0x00000a12      0x28a CMakeFiles/v1.elf.dir/Drivers/STM32F4xx_HAL_Driver/Src/stm32f4xx_hal_rcc.c.obj
 .debug_abbrev  0x00000c9c      0x24e CMakeFiles/v1.elf.dir/Drivers/STM32F4xx_HAL_Driver/Src/stm32f4xx_hal_spi.c.obj
 .debug_abbrev  0x00000eea      0x23c CMakeFiles/v1.elf.dir/Drivers/STM32F4xx_HAL_Driver/Src/stm32f4xx_hal_tim.c.obj
 .debug_abbrev  0x00001126      0x252 CMakeFiles/v1.elf.dir/Drivers/STM32F4xx_HAL_Driver/Src/stm32f4xx_hal_tim_ex.c.obj
 .debug_abbrev  0x00001378      0x30e CMakeFiles/v1.elf.dir/Drivers/STM32F4xx_HAL_Driver/Src/stm32f4xx_hal_uart.c.obj
 .debug_abbrev  0x00001686      0x249 CMakeFiles/v1.elf.dir/OLED_SPI_HD/oled_spi_hd.c.obj
 .debug_abbrev  0x000018cf      0x112 CMakeFiles/v1.elf.dir/PCA8685/pca9685_sim.c.obj
 .debug_abbrev  0x000019e1      0x126 CMakeFiles/v1.elf.dir/Src/dma.c.obj
 .debug_abbrev  0x00001b07      0x14e CMakeFiles/v1.elf.dir/Src/gpio.c.obj
 .debug_abbrev  0x00001c55      0x247 CMakeFiles/v1.elf.dir/Src/main.c.obj
 .debug_abbrev  0x00001e9c      0x1db CMakeFiles/v1.elf.dir/Src/spi.c.obj
 .debug_abbrev  0x00002077       0xd1 CMakeFiles/v1.elf.dir/Src/stm32f4xx_hal_msp.c.obj
 .debug_abbrev  0x00002148      0x1a4 CMakeFiles/v1.elf.dir/Src/stm32f4xx_it.c.obj
 .debug_abbrev  0x000022ec      0x119 CMakeFiles/v1.elf.dir/Src/system_stm32f4xx.c.obj
 .debug_abbrev  0x00002405      0x200 CMakeFiles/v1.elf.dir/Src/tim.c.obj
 .debug_abbrev  0x00002605      0x1e3 CMakeFiles/v1.elf.dir/Src/usart.c.obj
 .debug_abbrev  0x000027e8       0x12 CMakeFiles/v1.elf.dir/Startup/startup_stm32f411ceux.s.obj
 .debug_abbrev  0x000027fa      0x22d CMakeFiles/v1.elf.dir/iic_sim/bsp_iic.c.obj

.debug_loc      0x00000000    0x102b3
 .debug_loc     0x00000000      0x141 CMakeFiles/v1.elf.dir/Drivers/STM32F4xx_HAL_Driver/Src/stm32f4xx_hal.c.obj
 .debug_loc     0x00000141      0x744 CMakeFiles/v1.elf.dir/Drivers/STM32F4xx_HAL_Driver/Src/stm32f4xx_hal_cortex.c.obj
 .debug_loc     0x00000885      0xbf9 CMakeFiles/v1.elf.dir/Drivers/STM32F4xx_HAL_Driver/Src/stm32f4xx_hal_dma.c.obj
 .debug_loc     0x0000147e      0x520 CMakeFiles/v1.elf.dir/Drivers/STM32F4xx_HAL_Driver/Src/stm32f4xx_hal_gpio.c.obj
 .debug_loc     0x0000199e      0x58c CMakeFiles/v1.elf.dir/Drivers/STM32F4xx_HAL_Driver/Src/stm32f4xx_hal_rcc.c.obj
 .debug_loc     0x00001f2a     0x1ded CMakeFiles/v1.elf.dir/Drivers/STM32F4xx_HAL_Driver/Src/stm32f4xx_hal_spi.c.obj
 .debug_loc     0x00003d17     0x511c CMakeFiles/v1.elf.dir/Drivers/STM32F4xx_HAL_Driver/Src/stm32f4xx_hal_tim.c.obj
 .debug_loc     0x00008e33     0x1cd7 CMakeFiles/v1.elf.dir/Drivers/STM32F4xx_HAL_Driver/Src/stm32f4xx_hal_tim_ex.c.obj
 .debug_loc     0x0000ab0a     0x49ab CMakeFiles/v1.elf.dir/Drivers/STM32F4xx_HAL_Driver/Src/stm32f4xx_hal_uart.c.obj
 .debug_loc     0x0000f4b5      0x706 CMakeFiles/v1.elf.dir/OLED_SPI_HD/oled_spi_hd.c.obj
 .debug_loc     0x0000fbbb      0x239 CMakeFiles/v1.elf.dir/PCA8685/pca9685_sim.c.obj
 .debug_loc     0x0000fdf4       0x23 CMakeFiles/v1.elf.dir/Src/main.c.obj
 .debug_loc     0x0000fe17       0x71 CMakeFiles/v1.elf.dir/Src/spi.c.obj
 .debug_loc     0x0000fe88      0x158 CMakeFiles/v1.elf.dir/Src/system_stm32f4xx.c.obj
 .debug_loc     0x0000ffe0       0xc6 CMakeFiles/v1.elf.dir/Src/tim.c.obj
 .debug_loc     0x000100a6       0xbe CMakeFiles/v1.elf.dir/Src/usart.c.obj
 .debug_loc     0x00010164      0x14f CMakeFiles/v1.elf.dir/iic_sim/bsp_iic.c.obj

.debug_aranges  0x00000000      0xf38
 .debug_aranges
                0x00000000       0xf0 CMakeFiles/v1.elf.dir/Drivers/STM32F4xx_HAL_Driver/Src/stm32f4xx_hal.c.obj
 .debug_aranges
                0x000000f0       0xa8 CMakeFiles/v1.elf.dir/Drivers/STM32F4xx_HAL_Driver/Src/stm32f4xx_hal_cortex.c.obj
 .debug_aranges
                0x00000198       0x90 CMakeFiles/v1.elf.dir/Drivers/STM32F4xx_HAL_Driver/Src/stm32f4xx_hal_dma.c.obj
 .debug_aranges
                0x00000228       0x58 CMakeFiles/v1.elf.dir/Drivers/STM32F4xx_HAL_Driver/Src/stm32f4xx_hal_gpio.c.obj
 .debug_aranges
                0x00000280       0x88 CMakeFiles/v1.elf.dir/Drivers/STM32F4xx_HAL_Driver/Src/stm32f4xx_hal_rcc.c.obj
 .debug_aranges
                0x00000308      0x1d0 CMakeFiles/v1.elf.dir/Drivers/STM32F4xx_HAL_Driver/Src/stm32f4xx_hal_spi.c.obj
 .debug_aranges
                0x000004d8      0x3d0 CMakeFiles/v1.elf.dir/Drivers/STM32F4xx_HAL_Driver/Src/stm32f4xx_hal_tim.c.obj
 .debug_aranges
                0x000008a8      0x168 CMakeFiles/v1.elf.dir/Drivers/STM32F4xx_HAL_Driver/Src/stm32f4xx_hal_tim_ex.c.obj
 .debug_aranges
                0x00000a10      0x200 CMakeFiles/v1.elf.dir/Drivers/STM32F4xx_HAL_Driver/Src/stm32f4xx_hal_uart.c.obj
 .debug_aranges
                0x00000c10       0x78 CMakeFiles/v1.elf.dir/OLED_SPI_HD/oled_spi_hd.c.obj
 .debug_aranges
                0x00000c88       0x48 CMakeFiles/v1.elf.dir/PCA8685/pca9685_sim.c.obj
 .debug_aranges
                0x00000cd0       0x20 CMakeFiles/v1.elf.dir/Src/dma.c.obj
 .debug_aranges
                0x00000cf0       0x20 CMakeFiles/v1.elf.dir/Src/gpio.c.obj
 .debug_aranges
                0x00000d10       0x38 CMakeFiles/v1.elf.dir/Src/main.c.obj
 .debug_aranges
                0x00000d48       0x30 CMakeFiles/v1.elf.dir/Src/spi.c.obj
 .debug_aranges
                0x00000d78       0x20 CMakeFiles/v1.elf.dir/Src/stm32f4xx_hal_msp.c.obj
 .debug_aranges
                0x00000d98       0x80 CMakeFiles/v1.elf.dir/Src/stm32f4xx_it.c.obj
 .debug_aranges
                0x00000e18       0x28 CMakeFiles/v1.elf.dir/Src/system_stm32f4xx.c.obj
 .debug_aranges
                0x00000e40       0x38 CMakeFiles/v1.elf.dir/Src/tim.c.obj
 .debug_aranges
                0x00000e78       0x38 CMakeFiles/v1.elf.dir/Src/usart.c.obj
 .debug_aranges
                0x00000eb0       0x28 CMakeFiles/v1.elf.dir/Startup/startup_stm32f411ceux.s.obj
 .debug_aranges
                0x00000ed8       0x60 CMakeFiles/v1.elf.dir/iic_sim/bsp_iic.c.obj

.debug_ranges   0x00000000      0xe70
 .debug_ranges  0x00000000       0xe0 CMakeFiles/v1.elf.dir/Drivers/STM32F4xx_HAL_Driver/Src/stm32f4xx_hal.c.obj
 .debug_ranges  0x000000e0       0xf8 CMakeFiles/v1.elf.dir/Drivers/STM32F4xx_HAL_Driver/Src/stm32f4xx_hal_cortex.c.obj
 .debug_ranges  0x000001d8       0x80 CMakeFiles/v1.elf.dir/Drivers/STM32F4xx_HAL_Driver/Src/stm32f4xx_hal_dma.c.obj
 .debug_ranges  0x00000258       0x48 CMakeFiles/v1.elf.dir/Drivers/STM32F4xx_HAL_Driver/Src/stm32f4xx_hal_gpio.c.obj
 .debug_ranges  0x000002a0       0x90 CMakeFiles/v1.elf.dir/Drivers/STM32F4xx_HAL_Driver/Src/stm32f4xx_hal_rcc.c.obj
 .debug_ranges  0x00000330      0x1c0 CMakeFiles/v1.elf.dir/Drivers/STM32F4xx_HAL_Driver/Src/stm32f4xx_hal_spi.c.obj
 .debug_ranges  0x000004f0      0x3c0 CMakeFiles/v1.elf.dir/Drivers/STM32F4xx_HAL_Driver/Src/stm32f4xx_hal_tim.c.obj
 .debug_ranges  0x000008b0      0x158 CMakeFiles/v1.elf.dir/Drivers/STM32F4xx_HAL_Driver/Src/stm32f4xx_hal_tim_ex.c.obj
 .debug_ranges  0x00000a08      0x208 CMakeFiles/v1.elf.dir/Drivers/STM32F4xx_HAL_Driver/Src/stm32f4xx_hal_uart.c.obj
 .debug_ranges  0x00000c10       0x68 CMakeFiles/v1.elf.dir/OLED_SPI_HD/oled_spi_hd.c.obj
 .debug_ranges  0x00000c78       0x38 CMakeFiles/v1.elf.dir/PCA8685/pca9685_sim.c.obj
 .debug_ranges  0x00000cb0       0x10 CMakeFiles/v1.elf.dir/Src/dma.c.obj
 .debug_ranges  0x00000cc0       0x10 CMakeFiles/v1.elf.dir/Src/gpio.c.obj
 .debug_ranges  0x00000cd0       0x28 CMakeFiles/v1.elf.dir/Src/main.c.obj
 .debug_ranges  0x00000cf8       0x20 CMakeFiles/v1.elf.dir/Src/spi.c.obj
 .debug_ranges  0x00000d18       0x10 CMakeFiles/v1.elf.dir/Src/stm32f4xx_hal_msp.c.obj
 .debug_ranges  0x00000d28       0x70 CMakeFiles/v1.elf.dir/Src/stm32f4xx_it.c.obj
 .debug_ranges  0x00000d98       0x18 CMakeFiles/v1.elf.dir/Src/system_stm32f4xx.c.obj
 .debug_ranges  0x00000db0       0x28 CMakeFiles/v1.elf.dir/Src/tim.c.obj
 .debug_ranges  0x00000dd8       0x28 CMakeFiles/v1.elf.dir/Src/usart.c.obj
 .debug_ranges  0x00000e00       0x20 CMakeFiles/v1.elf.dir/Startup/startup_stm32f411ceux.s.obj
 .debug_ranges  0x00000e20       0x50 CMakeFiles/v1.elf.dir/iic_sim/bsp_iic.c.obj

.debug_line     0x00000000    0x131f2
 .debug_line    0x00000000      0x629 CMakeFiles/v1.elf.dir/Drivers/STM32F4xx_HAL_Driver/Src/stm32f4xx_hal.c.obj
 .debug_line    0x00000629      0x83c CMakeFiles/v1.elf.dir/Drivers/STM32F4xx_HAL_Driver/Src/stm32f4xx_hal_cortex.c.obj
 .debug_line    0x00000e65      0xec8 CMakeFiles/v1.elf.dir/Drivers/STM32F4xx_HAL_Driver/Src/stm32f4xx_hal_dma.c.obj
 .debug_line    0x00001d2d      0x766 CMakeFiles/v1.elf.dir/Drivers/STM32F4xx_HAL_Driver/Src/stm32f4xx_hal_gpio.c.obj
 .debug_line    0x00002493      0xbb2 CMakeFiles/v1.elf.dir/Drivers/STM32F4xx_HAL_Driver/Src/stm32f4xx_hal_rcc.c.obj
 .debug_line    0x00003045     0x258c CMakeFiles/v1.elf.dir/Drivers/STM32F4xx_HAL_Driver/Src/stm32f4xx_hal_spi.c.obj
 .debug_line    0x000055d1     0x4a5a CMakeFiles/v1.elf.dir/Drivers/STM32F4xx_HAL_Driver/Src/stm32f4xx_hal_tim.c.obj
 .debug_line    0x0000a02b     0x1d05 CMakeFiles/v1.elf.dir/Drivers/STM32F4xx_HAL_Driver/Src/stm32f4xx_hal_tim_ex.c.obj
 .debug_line    0x0000bd30     0x46b2 CMakeFiles/v1.elf.dir/Drivers/STM32F4xx_HAL_Driver/Src/stm32f4xx_hal_uart.c.obj
 .debug_line    0x000103e2      0x738 CMakeFiles/v1.elf.dir/OLED_SPI_HD/oled_spi_hd.c.obj
 .debug_line    0x00010b1a      0x392 CMakeFiles/v1.elf.dir/PCA8685/pca9685_sim.c.obj
 .debug_line    0x00010eac      0x221 CMakeFiles/v1.elf.dir/Src/dma.c.obj
 .debug_line    0x000110cd      0x29e CMakeFiles/v1.elf.dir/Src/gpio.c.obj
 .debug_line    0x0001136b      0x531 CMakeFiles/v1.elf.dir/Src/main.c.obj
 .debug_line    0x0001189c      0x3ff CMakeFiles/v1.elf.dir/Src/spi.c.obj
 .debug_line    0x00011c9b      0x1d7 CMakeFiles/v1.elf.dir/Src/stm32f4xx_hal_msp.c.obj
 .debug_line    0x00011e72      0x3d0 CMakeFiles/v1.elf.dir/Src/stm32f4xx_it.c.obj
 .debug_line    0x00012242      0x2a0 CMakeFiles/v1.elf.dir/Src/system_stm32f4xx.c.obj
 .debug_line    0x000124e2      0x3cf CMakeFiles/v1.elf.dir/Src/tim.c.obj
 .debug_line    0x000128b1      0x45c CMakeFiles/v1.elf.dir/Src/usart.c.obj
 .debug_line    0x00012d0d       0xa1 CMakeFiles/v1.elf.dir/Startup/startup_stm32f411ceux.s.obj
 .debug_line    0x00012dae      0x444 CMakeFiles/v1.elf.dir/iic_sim/bsp_iic.c.obj

.debug_str      0x00000000     0x4660
 .debug_str     0x00000000      0x9df CMakeFiles/v1.elf.dir/Drivers/STM32F4xx_HAL_Driver/Src/stm32f4xx_hal.c.obj
                                0xa42 (size before relaxing)
 .debug_str     0x000009df      0x4da CMakeFiles/v1.elf.dir/Drivers/STM32F4xx_HAL_Driver/Src/stm32f4xx_hal_cortex.c.obj
                                0xb02 (size before relaxing)
 .debug_str     0x00000eb9      0x542 CMakeFiles/v1.elf.dir/Drivers/STM32F4xx_HAL_Driver/Src/stm32f4xx_hal_dma.c.obj
                                0x7a4 (size before relaxing)
 .debug_str     0x000013fb      0x1fc CMakeFiles/v1.elf.dir/Drivers/STM32F4xx_HAL_Driver/Src/stm32f4xx_hal_gpio.c.obj
                                0x520 (size before relaxing)
 .debug_str     0x000015f7      0x33f CMakeFiles/v1.elf.dir/Drivers/STM32F4xx_HAL_Driver/Src/stm32f4xx_hal_rcc.c.obj
                                0x746 (size before relaxing)
 .debug_str     0x00001936      0x736 CMakeFiles/v1.elf.dir/Drivers/STM32F4xx_HAL_Driver/Src/stm32f4xx_hal_spi.c.obj
                                0xc28 (size before relaxing)
 .debug_str     0x0000206c     0x11b0 CMakeFiles/v1.elf.dir/Drivers/STM32F4xx_HAL_Driver/Src/stm32f4xx_hal_tim.c.obj
                               0x16e7 (size before relaxing)
 .debug_str     0x0000321c      0x5b2 CMakeFiles/v1.elf.dir/Drivers/STM32F4xx_HAL_Driver/Src/stm32f4xx_hal_tim_ex.c.obj
                                0xee8 (size before relaxing)
 .debug_str     0x000037ce      0x7b4 CMakeFiles/v1.elf.dir/Drivers/STM32F4xx_HAL_Driver/Src/stm32f4xx_hal_uart.c.obj
                                0xd87 (size before relaxing)
 .debug_str     0x00003f82      0x100 CMakeFiles/v1.elf.dir/OLED_SPI_HD/oled_spi_hd.c.obj
                                0x77a (size before relaxing)
 .debug_str     0x00004082      0x150 CMakeFiles/v1.elf.dir/PCA8685/pca9685_sim.c.obj
                                0x332 (size before relaxing)
 .debug_str     0x000041d2       0x37 CMakeFiles/v1.elf.dir/Src/dma.c.obj
                                0x6a6 (size before relaxing)
 .debug_str     0x00004209       0x39 CMakeFiles/v1.elf.dir/Src/gpio.c.obj
                                0x3a7 (size before relaxing)
 .debug_str     0x00004242       0xd7 CMakeFiles/v1.elf.dir/Src/main.c.obj
                                0xc86 (size before relaxing)
 .debug_str     0x00004319       0x42 CMakeFiles/v1.elf.dir/Src/spi.c.obj
                                0x859 (size before relaxing)
 .debug_str     0x0000435b       0x39 CMakeFiles/v1.elf.dir/Src/stm32f4xx_hal_msp.c.obj
                                0x2f6 (size before relaxing)
 .debug_str     0x00004394      0x120 CMakeFiles/v1.elf.dir/Src/stm32f4xx_it.c.obj
                                0xa38 (size before relaxing)
 .debug_str     0x000044b4       0x63 CMakeFiles/v1.elf.dir/Src/system_stm32f4xx.c.obj
                                0x35c (size before relaxing)
 .debug_str     0x00004517       0x3a CMakeFiles/v1.elf.dir/Src/tim.c.obj
                                0xd58 (size before relaxing)
 .debug_str     0x00004551       0x38 CMakeFiles/v1.elf.dir/Src/usart.c.obj
                                0xc24 (size before relaxing)
 .debug_str     0x00004589       0x4f CMakeFiles/v1.elf.dir/Startup/startup_stm32f411ceux.s.obj
                                 0x82 (size before relaxing)
 .debug_str     0x000045d8       0x88 CMakeFiles/v1.elf.dir/iic_sim/bsp_iic.c.obj
                                0x459 (size before relaxing)

.comment        0x00000000       0x49
 .comment       0x00000000       0x49 CMakeFiles/v1.elf.dir/Drivers/STM32F4xx_HAL_Driver/Src/stm32f4xx_hal.c.obj
                                 0x4a (size before relaxing)
 .comment       0x00000049       0x4a CMakeFiles/v1.elf.dir/Drivers/STM32F4xx_HAL_Driver/Src/stm32f4xx_hal_cortex.c.obj
 .comment       0x00000049       0x4a CMakeFiles/v1.elf.dir/Drivers/STM32F4xx_HAL_Driver/Src/stm32f4xx_hal_dma.c.obj
 .comment       0x00000049       0x4a CMakeFiles/v1.elf.dir/Drivers/STM32F4xx_HAL_Driver/Src/stm32f4xx_hal_gpio.c.obj
 .comment       0x00000049       0x4a CMakeFiles/v1.elf.dir/Drivers/STM32F4xx_HAL_Driver/Src/stm32f4xx_hal_rcc.c.obj
 .comment       0x00000049       0x4a CMakeFiles/v1.elf.dir/Drivers/STM32F4xx_HAL_Driver/Src/stm32f4xx_hal_spi.c.obj
 .comment       0x00000049       0x4a CMakeFiles/v1.elf.dir/Drivers/STM32F4xx_HAL_Driver/Src/stm32f4xx_hal_tim.c.obj
 .comment       0x00000049       0x4a CMakeFiles/v1.elf.dir/Drivers/STM32F4xx_HAL_Driver/Src/stm32f4xx_hal_tim_ex.c.obj
 .comment       0x00000049       0x4a CMakeFiles/v1.elf.dir/Drivers/STM32F4xx_HAL_Driver/Src/stm32f4xx_hal_uart.c.obj
 .comment       0x00000049       0x4a CMakeFiles/v1.elf.dir/OLED_SPI_HD/oled_spi_hd.c.obj
 .comment       0x00000049       0x4a CMakeFiles/v1.elf.dir/PCA8685/pca9685_sim.c.obj
 .comment       0x00000049       0x4a CMakeFiles/v1.elf.dir/Src/dma.c.obj
 .comment       0x00000049       0x4a CMakeFiles/v1.elf.dir/Src/gpio.c.obj
 .comment       0x00000049       0x4a CMakeFiles/v1.elf.dir/Src/main.c.obj
 .comment       0x00000049       0x4a CMakeFiles/v1.elf.dir/Src/spi.c.obj
 .comment       0x00000049       0x4a CMakeFiles/v1.elf.dir/Src/stm32f4xx_hal_msp.c.obj
 .comment       0x00000049       0x4a CMakeFiles/v1.elf.dir/Src/stm32f4xx_it.c.obj
 .comment       0x00000049       0x4a CMakeFiles/v1.elf.dir/Src/system_stm32f4xx.c.obj
 .comment       0x00000049       0x4a CMakeFiles/v1.elf.dir/Src/tim.c.obj
 .comment       0x00000049       0x4a CMakeFiles/v1.elf.dir/Src/usart.c.obj
 .comment       0x00000049       0x4a CMakeFiles/v1.elf.dir/iic_sim/bsp_iic.c.obj

.debug_frame    0x00000000     0x2ba4
 .debug_frame   0x00000000      0x1ec CMakeFiles/v1.elf.dir/Drivers/STM32F4xx_HAL_Driver/Src/stm32f4xx_hal.c.obj
 .debug_frame   0x000001ec      0x148 CMakeFiles/v1.elf.dir/Drivers/STM32F4xx_HAL_Driver/Src/stm32f4xx_hal_cortex.c.obj
 .debug_frame   0x00000334      0x188 CMakeFiles/v1.elf.dir/Drivers/STM32F4xx_HAL_Driver/Src/stm32f4xx_hal_dma.c.obj
 .debug_frame   0x000004bc       0xd8 CMakeFiles/v1.elf.dir/Drivers/STM32F4xx_HAL_Driver/Src/stm32f4xx_hal_gpio.c.obj
 .debug_frame   0x00000594      0x16c CMakeFiles/v1.elf.dir/Drivers/STM32F4xx_HAL_Driver/Src/stm32f4xx_hal_rcc.c.obj
 .debug_frame   0x00000700      0x5a4 CMakeFiles/v1.elf.dir/Drivers/STM32F4xx_HAL_Driver/Src/stm32f4xx_hal_spi.c.obj
 .debug_frame   0x00000ca4      0xb18 CMakeFiles/v1.elf.dir/Drivers/STM32F4xx_HAL_Driver/Src/stm32f4xx_hal_tim.c.obj
 .debug_frame   0x000017bc      0x40c CMakeFiles/v1.elf.dir/Drivers/STM32F4xx_HAL_Driver/Src/stm32f4xx_hal_tim_ex.c.obj
 .debug_frame   0x00001bc8      0x5cc CMakeFiles/v1.elf.dir/Drivers/STM32F4xx_HAL_Driver/Src/stm32f4xx_hal_uart.c.obj
 .debug_frame   0x00002194      0x164 CMakeFiles/v1.elf.dir/OLED_SPI_HD/oled_spi_hd.c.obj
 .debug_frame   0x000022f8       0xb0 CMakeFiles/v1.elf.dir/PCA8685/pca9685_sim.c.obj
 .debug_frame   0x000023a8       0x2c CMakeFiles/v1.elf.dir/Src/dma.c.obj
 .debug_frame   0x000023d4       0x38 CMakeFiles/v1.elf.dir/Src/gpio.c.obj
 .debug_frame   0x0000240c       0x74 CMakeFiles/v1.elf.dir/Src/main.c.obj
 .debug_frame   0x00002480       0x64 CMakeFiles/v1.elf.dir/Src/spi.c.obj
 .debug_frame   0x000024e4       0x28 CMakeFiles/v1.elf.dir/Src/stm32f4xx_hal_msp.c.obj
 .debug_frame   0x0000250c      0x108 CMakeFiles/v1.elf.dir/Src/stm32f4xx_it.c.obj
 .debug_frame   0x00002614       0x30 CMakeFiles/v1.elf.dir/Src/system_stm32f4xx.c.obj
 .debug_frame   0x00002644       0x7c CMakeFiles/v1.elf.dir/Src/tim.c.obj
 .debug_frame   0x000026c0       0x78 CMakeFiles/v1.elf.dir/Src/usart.c.obj
 .debug_frame   0x00002738      0x100 CMakeFiles/v1.elf.dir/iic_sim/bsp_iic.c.obj
 .debug_frame   0x00002838       0xac d:/clion/tools/gcc-arm-none-eabi-10.3-2021.10-win32/gcc-arm-none-eabi-10.3-2021.10/bin/../lib/gcc/arm-none-eabi/10.3.1/thumb/v7e-m/nofp\libgcc.a(_arm_addsubdf3.o)
 .debug_frame   0x000028e4       0x50 d:/clion/tools/gcc-arm-none-eabi-10.3-2021.10-win32/gcc-arm-none-eabi-10.3-2021.10/bin/../lib/gcc/arm-none-eabi/10.3.1/thumb/v7e-m/nofp\libgcc.a(_arm_muldivdf3.o)
 .debug_frame   0x00002934       0x24 d:/clion/tools/gcc-arm-none-eabi-10.3-2021.10-win32/gcc-arm-none-eabi-10.3-2021.10/bin/../lib/gcc/arm-none-eabi/10.3.1/thumb/v7e-m/nofp\libgcc.a(_arm_fixunsdfsi.o)
 .debug_frame   0x00002958       0x2c d:/clion/tools/gcc-arm-none-eabi-10.3-2021.10-win32/gcc-arm-none-eabi-10.3-2021.10/bin/../lib/gcc/arm-none-eabi/10.3.1/thumb/v7e-m/nofp\libgcc.a(_aeabi_uldivmod.o)
 .debug_frame   0x00002984       0x34 d:/clion/tools/gcc-arm-none-eabi-10.3-2021.10-win32/gcc-arm-none-eabi-10.3-2021.10/bin/../lib/gcc/arm-none-eabi/10.3.1/thumb/v7e-m/nofp\libgcc.a(_udivmoddi4.o)
 .debug_frame   0x000029b8       0x2c d:/clion/tools/gcc-arm-none-eabi-10.3-2021.10-win32/gcc-arm-none-eabi-10.3-2021.10/bin/../lib/gcc/arm-none-eabi/10.3.1/../../../../arm-none-eabi/lib/thumb/v7e-m/nofp\libg.a(lib_a-init.o)
 .debug_frame   0x000029e4       0x2c d:/clion/tools/gcc-arm-none-eabi-10.3-2021.10-win32/gcc-arm-none-eabi-10.3-2021.10/bin/../lib/gcc/arm-none-eabi/10.3.1/../../../../arm-none-eabi/lib/thumb/v7e-m/nofp\libg.a(lib_a-memset.o)
 .debug_frame   0x00002a10       0x5c d:/clion/tools/gcc-arm-none-eabi-10.3-2021.10-win32/gcc-arm-none-eabi-10.3-2021.10/bin/../lib/gcc/arm-none-eabi/10.3.1/../../../../arm-none-eabi/lib/thumb/v7e-m/nofp\libg.a(lib_a-__call_atexit.o)
 .debug_frame   0x00002a6c       0x20 d:/clion/tools/gcc-arm-none-eabi-10.3-2021.10-win32/gcc-arm-none-eabi-10.3-2021.10/bin/../lib/gcc/arm-none-eabi/10.3.1/../../../../arm-none-eabi/lib/thumb/v7e-m/nofp\libg.a(lib_a-atexit.o)
 .debug_frame   0x00002a8c       0x34 d:/clion/tools/gcc-arm-none-eabi-10.3-2021.10-win32/gcc-arm-none-eabi-10.3-2021.10/bin/../lib/gcc/arm-none-eabi/10.3.1/../../../../arm-none-eabi/lib/thumb/v7e-m/nofp\libg.a(lib_a-fini.o)
 .debug_frame   0x00002ac0       0xb0 d:/clion/tools/gcc-arm-none-eabi-10.3-2021.10-win32/gcc-arm-none-eabi-10.3-2021.10/bin/../lib/gcc/arm-none-eabi/10.3.1/../../../../arm-none-eabi/lib/thumb/v7e-m/nofp\libg.a(lib_a-lock.o)
 .debug_frame   0x00002b70       0x34 d:/clion/tools/gcc-arm-none-eabi-10.3-2021.10-win32/gcc-arm-none-eabi-10.3-2021.10/bin/../lib/gcc/arm-none-eabi/10.3.1/../../../../arm-none-eabi/lib/thumb/v7e-m/nofp\libg.a(lib_a-__atexit.o)
